Archive member included to satisfy reference by file (symbol)

c:/ac6/systemworkbench/plugins/fr.ac6.mcu.externaltools.arm-none.win32_1.15.0.201708311556/tools/compiler/bin/../lib/gcc/arm-none-eabi/6.3.1/../../../../arm-none-eabi/lib/thumb/v7e-m/fpv4-sp/hard\libc_nano.a(lib_a-exit.o)
                              c:/ac6/systemworkbench/plugins/fr.ac6.mcu.externaltools.arm-none.win32_1.15.0.201708311556/tools/compiler/bin/../lib/gcc/arm-none-eabi/6.3.1/../../../../arm-none-eabi/lib/thumb/v7e-m/fpv4-sp/hard/crt0.o (exit)
c:/ac6/systemworkbench/plugins/fr.ac6.mcu.externaltools.arm-none.win32_1.15.0.201708311556/tools/compiler/bin/../lib/gcc/arm-none-eabi/6.3.1/../../../../arm-none-eabi/lib/thumb/v7e-m/fpv4-sp/hard\libc_nano.a(lib_a-impure.o)
                              c:/ac6/systemworkbench/plugins/fr.ac6.mcu.externaltools.arm-none.win32_1.15.0.201708311556/tools/compiler/bin/../lib/gcc/arm-none-eabi/6.3.1/../../../../arm-none-eabi/lib/thumb/v7e-m/fpv4-sp/hard\libc_nano.a(lib_a-exit.o) (_global_impure_ptr)
c:/ac6/systemworkbench/plugins/fr.ac6.mcu.externaltools.arm-none.win32_1.15.0.201708311556/tools/compiler/bin/../lib/gcc/arm-none-eabi/6.3.1/../../../../arm-none-eabi/lib/thumb/v7e-m/fpv4-sp/hard\libc_nano.a(lib_a-init.o)
                              c:/ac6/systemworkbench/plugins/fr.ac6.mcu.externaltools.arm-none.win32_1.15.0.201708311556/tools/compiler/bin/../lib/gcc/arm-none-eabi/6.3.1/../../../../arm-none-eabi/lib/thumb/v7e-m/fpv4-sp/hard/crt0.o (__libc_init_array)
c:/ac6/systemworkbench/plugins/fr.ac6.mcu.externaltools.arm-none.win32_1.15.0.201708311556/tools/compiler/bin/../lib/gcc/arm-none-eabi/6.3.1/../../../../arm-none-eabi/lib/thumb/v7e-m/fpv4-sp/hard\libc_nano.a(lib_a-memcpy-stub.o)
                              Src/spiffs_cache.o (memcpy)
c:/ac6/systemworkbench/plugins/fr.ac6.mcu.externaltools.arm-none.win32_1.15.0.201708311556/tools/compiler/bin/../lib/gcc/arm-none-eabi/6.3.1/../../../../arm-none-eabi/lib/thumb/v7e-m/fpv4-sp/hard\libc_nano.a(lib_a-memset.o)
                              c:/ac6/systemworkbench/plugins/fr.ac6.mcu.externaltools.arm-none.win32_1.15.0.201708311556/tools/compiler/bin/../lib/gcc/arm-none-eabi/6.3.1/../../../../arm-none-eabi/lib/thumb/v7e-m/fpv4-sp/hard/crt0.o (memset)
c:/ac6/systemworkbench/plugins/fr.ac6.mcu.externaltools.arm-none.win32_1.15.0.201708311556/tools/compiler/bin/../lib/gcc/arm-none-eabi/6.3.1/../../../../arm-none-eabi/lib/thumb/v7e-m/fpv4-sp/hard\libc_nano.a(lib_a-printf.o)
                              Src/main.o (printf)
c:/ac6/systemworkbench/plugins/fr.ac6.mcu.externaltools.arm-none.win32_1.15.0.201708311556/tools/compiler/bin/../lib/gcc/arm-none-eabi/6.3.1/../../../../arm-none-eabi/lib/thumb/v7e-m/fpv4-sp/hard\libc_nano.a(lib_a-putchar.o)
                              Src/spiffs_hydrogen.o (putchar)
c:/ac6/systemworkbench/plugins/fr.ac6.mcu.externaltools.arm-none.win32_1.15.0.201708311556/tools/compiler/bin/../lib/gcc/arm-none-eabi/6.3.1/../../../../arm-none-eabi/lib/thumb/v7e-m/fpv4-sp/hard\libc_nano.a(lib_a-puts.o)
                              Src/spiffs_hydrogen.o (puts)
c:/ac6/systemworkbench/plugins/fr.ac6.mcu.externaltools.arm-none.win32_1.15.0.201708311556/tools/compiler/bin/../lib/gcc/arm-none-eabi/6.3.1/../../../../arm-none-eabi/lib/thumb/v7e-m/fpv4-sp/hard\libc_nano.a(lib_a-strcmp.o)
                              Src/spiffs_nucleus.o (strcmp)
c:/ac6/systemworkbench/plugins/fr.ac6.mcu.externaltools.arm-none.win32_1.15.0.201708311556/tools/compiler/bin/../lib/gcc/arm-none-eabi/6.3.1/../../../../arm-none-eabi/lib/thumb/v7e-m/fpv4-sp/hard\libc_nano.a(lib_a-strcpy.o)
                              Src/spiffs_hydrogen.o (strcpy)
c:/ac6/systemworkbench/plugins/fr.ac6.mcu.externaltools.arm-none.win32_1.15.0.201708311556/tools/compiler/bin/../lib/gcc/arm-none-eabi/6.3.1/../../../../arm-none-eabi/lib/thumb/v7e-m/fpv4-sp/hard\libc_nano.a(lib_a-strlen.o)
                              Src/spiffs_hydrogen.o (strlen)
c:/ac6/systemworkbench/plugins/fr.ac6.mcu.externaltools.arm-none.win32_1.15.0.201708311556/tools/compiler/bin/../lib/gcc/arm-none-eabi/6.3.1/../../../../arm-none-eabi/lib/thumb/v7e-m/fpv4-sp/hard\libc_nano.a(lib_a-strncpy.o)
                              Src/spiffs_hydrogen.o (strncpy)
c:/ac6/systemworkbench/plugins/fr.ac6.mcu.externaltools.arm-none.win32_1.15.0.201708311556/tools/compiler/bin/../lib/gcc/arm-none-eabi/6.3.1/../../../../arm-none-eabi/lib/thumb/v7e-m/fpv4-sp/hard\libc_nano.a(lib_a-wbuf.o)
                              c:/ac6/systemworkbench/plugins/fr.ac6.mcu.externaltools.arm-none.win32_1.15.0.201708311556/tools/compiler/bin/../lib/gcc/arm-none-eabi/6.3.1/../../../../arm-none-eabi/lib/thumb/v7e-m/fpv4-sp/hard\libc_nano.a(lib_a-puts.o) (__swbuf_r)
c:/ac6/systemworkbench/plugins/fr.ac6.mcu.externaltools.arm-none.win32_1.15.0.201708311556/tools/compiler/bin/../lib/gcc/arm-none-eabi/6.3.1/../../../../arm-none-eabi/lib/thumb/v7e-m/fpv4-sp/hard\libc_nano.a(lib_a-wsetup.o)
[...]
Memory Configuration

Name             Origin             Length             Attributes
RAM              0x20000000         0x00030000         xrw
CCMRAM           0x10000000         0x00010000         rw
FLASH            0x08000000         0x00200000         xr
*default*        0x00000000         0xffffffff

Linker script and memory map

LOAD c:/ac6/systemworkbench/plugins/fr.ac6.mcu.externaltools.arm-none.win32_1.15.0.201708311556/tools/compiler/bin/../lib/gcc/arm-none-eabi/6.3.1/thumb/v7e-m/fpv4-sp/hard/crti.o
LOAD c:/ac6/systemworkbench/plugins/fr.ac6.mcu.externaltools.arm-none.win32_1.15.0.201708311556/tools/compiler/bin/../lib/gcc/arm-none-eabi/6.3.1/thumb/v7e-m/fpv4-sp/hard/crtbegin.o
LOAD c:/ac6/systemworkbench/plugins/fr.ac6.mcu.externaltools.arm-none.win32_1.15.0.201708311556/tools/compiler/bin/../lib/gcc/arm-none-eabi/6.3.1/../../../../arm-none-eabi/lib/thumb/v7e-m/fpv4-sp/hard/crt0.o
LOAD Drivers/STM32F4xx_HAL_Driver/Src/stm32f4xx_hal.o
LOAD Drivers/STM32F4xx_HAL_Driver/Src/stm32f4xx_hal_cortex.o
LOAD Drivers/STM32F4xx_HAL_Driver/Src/stm32f4xx_hal_dma.o
LOAD Drivers/STM32F4xx_HAL_Driver/Src/stm32f4xx_hal_dma_ex.o
LOAD Drivers/STM32F4xx_HAL_Driver/Src/stm32f4xx_hal_flash.o
LOAD Drivers/STM32F4xx_HAL_Driver/Src/stm32f4xx_hal_flash_ex.o
LOAD Drivers/STM32F4xx_HAL_Driver/Src/stm32f4xx_hal_flash_ramfunc.o
LOAD Drivers/STM32F4xx_HAL_Driver/Src/stm32f4xx_hal_gpio.o
LOAD Drivers/STM32F4xx_HAL_Driver/Src/stm32f4xx_hal_pwr.o
LOAD Drivers/STM32F4xx_HAL_Driver/Src/stm32f4xx_hal_pwr_ex.o
LOAD Drivers/STM32F4xx_HAL_Driver/Src/stm32f4xx_hal_rcc.o
LOAD Drivers/STM32F4xx_HAL_Driver/Src/stm32f4xx_hal_rcc_ex.o
LOAD Drivers/STM32F4xx_HAL_Driver/Src/stm32f4xx_hal_spi.o
LOAD Drivers/STM32F4xx_HAL_Driver/Src/stm32f4xx_hal_tim.o
LOAD Drivers/STM32F4xx_HAL_Driver/Src/stm32f4xx_hal_tim_ex.o
LOAD Src/SF3.o
LOAD Src/gpio.o
LOAD Src/main.o
LOAD Src/spi.o
LOAD Src/spi_flash.o
LOAD Src/spiffs_cache.o
LOAD Src/spiffs_check.o
LOAD Src/spiffs_gc.o
LOAD Src/spiffs_hydrogen.o
LOAD Src/spiffs_nucleus.o
LOAD Src/stm32f4xx_hal_msp.o
LOAD Src/stm32f4xx_it.o
LOAD Src/system_stm32f4xx.o
LOAD startup/startup_stm32f429xx.o
LOAD c:/ac6/systemworkbench/plugins/fr.ac6.mcu.externaltools.arm-none.win32_1.15.0.201708311556/tools/compiler/bin/../lib/gcc/arm-none-eabi/6.3.1/../../../../arm-none-eabi/lib/thumb/v7e-m/fpv4-sp/hard\libm.a
START GROUP
LOAD c:/ac6/systemworkbench/plugins/fr.ac6.mcu.externaltools.arm-none.win32_1.15.0.201708311556/tools/compiler/bin/../lib/gcc/arm-none-eabi/6.3.1/thumb/v7e-m/fpv4-sp/hard\libgcc.a
LOAD c:/ac6/systemworkbench/plugins/fr.ac6.mcu.externaltools.arm-none.win32_1.15.0.201708311556/tools/compiler/bin/../lib/gcc/arm-none-eabi/6.3.1/../../../../arm-none-eabi/lib/thumb/v7e-m/fpv4-sp/hard\libc_nano.a
END GROUP
START GROUP
LOAD c:/ac6/systemworkbench/plugins/fr.ac6.mcu.externaltools.arm-none.win32_1.15.0.201708311556/tools/compiler/bin/../lib/gcc/arm-none-eabi/6.3.1/thumb/v7e-m/fpv4-sp/hard\libgcc.a
LOAD c:/ac6/systemworkbench/plugins/fr.ac6.mcu.externaltools.arm-none.win32_1.15.0.201708311556/tools/compiler/bin/../lib/gcc/arm-none-eabi/6.3.1/../../../../arm-none-eabi/lib/thumb/v7e-m/fpv4-sp/hard\libc_nano.a
LOAD c:/ac6/systemworkbench/plugins/fr.ac6.mcu.externaltools.arm-none.win32_1.15.0.201708311556/tools/compiler/bin/../lib/gcc/arm-none-eabi/6.3.1/../../../../arm-none-eabi/lib/thumb/v7e-m/fpv4-sp/hard\libnosys.a
END GROUP
START GROUP
LOAD c:/ac6/systemworkbench/plugins/fr.ac6.mcu.externaltools.arm-none.win32_1.15.0.201708311556/tools/compiler/bin/../lib/gcc/arm-none-eabi/6.3.1/thumb/v7e-m/fpv4-sp/hard\libgcc.a
LOAD c:/ac6/systemworkbench/plugins/fr.ac6.mcu.externaltools.arm-none.win32_1.15.0.201708311556/tools/compiler/bin/../lib/gcc/arm-none-eabi/6.3.1/../../../../arm-none-eabi/lib/thumb/v7e-m/fpv4-sp/hard\libc_nano.a
LOAD c:/ac6/systemworkbench/plugins/fr.ac6.mcu.externaltools.arm-none.win32_1.15.0.201708311556/tools/compiler/bin/../lib/gcc/arm-none-eabi/6.3.1/../../../../arm-none-eabi/lib/thumb/v7e-m/fpv4-sp/hard\libnosys.a
END GROUP
LOAD c:/ac6/systemworkbench/plugins/fr.ac6.mcu.externaltools.arm-none.win32_1.15.0.201708311556/tools/compiler/bin/../lib/gcc/arm-none-eabi/6.3.1/thumb/v7e-m/fpv4-sp/hard/crtend.o
LOAD c:/ac6/systemworkbench/plugins/fr.ac6.mcu.externaltools.arm-none.win32_1.15.0.201708311556/tools/compiler/bin/../lib/gcc/arm-none-eabi/6.3.1/thumb/v7e-m/fpv4-sp/hard/crtn.o
                0x20030000                _estack = 0x20030000
                0x00000200                _Min_Heap_Size = 0x200
                0x00000400                _Min_Stack_Size = 0x400

.isr_vector     0x08000000      0x1ac
                0x08000000                . = ALIGN (0x4)
 *(.isr_vector)
 .isr_vector    0x08000000      0x1ac startup/startup_stm32f429xx.o
                0x08000000                g_pfnVectors
                0x080001ac                . = ALIGN (0x4)

.text           0x080001b0     0x9650
                0x080001b0                . = ALIGN (0x4)
 *(.text)
 .text          0x080001b0       0x6c c:/ac6/systemworkbench/plugins/fr.ac6.mcu.externaltools.arm-none.win32_1.15.0.201708311556/tools/compiler/bin/../lib/gcc/arm-none-eabi/6.3.1/thumb/v7e-m/fpv4-sp/hard/crtbegin.o
 .text          0x0800021c       0x14 c:/ac6/systemworkbench/plugins/fr.ac6.mcu.externaltools.arm-none.win32_1.15.0.201708311556/tools/compiler/bin/../lib/gcc/arm-none-eabi/6.3.1/../../../../arm-none-eabi/lib/thumb/v7e-m/fpv4-sp/hard\libc_nano.a(lib_a-strcmp.o)
                0x0800021c                strcmp
 .text          0x08000230       0x10 c:/ac6/systemworkbench/plugins/fr.ac6.mcu.externaltools.arm-none.win32_1.15.0.201708311556/tools/compiler/bin/../lib/gcc/arm-none-eabi/6.3.1/../../../../arm-none-eabi/lib/thumb/v7e-m/fpv4-sp/hard\libc_nano.a(lib_a-strlen.o)
                0x08000230                strlen
 .text          0x08000240       0xa0 c:/ac6/systemworkbench/plugins/fr.ac6.mcu.externaltools.arm-none.win32_1.15.0.201708311556/tools/compiler/bin/../lib/gcc/arm-none-eabi/6.3.1/../../../../arm-none-eabi/lib/thumb/v7e-m/fpv4-sp/hard\libc_nano.a(lib_a-memchr.o)
                0x08000240                memchr
 *(.text*)
 .text.HAL_Init
                0x080002e0       0x44 Drivers/STM32F4xx_HAL_Driver/Src/stm32f4xx_hal.o
                0x080002e0                HAL_Init
 .text.HAL_InitTick
                0x08000324       0x38 Drivers/STM32F4xx_HAL_Driver/Src/stm32f4xx_hal.o
                0x08000324                HAL_InitTick
 .text.HAL_IncTick
                0x0800035c       0x1c Drivers/STM32F4xx_HAL_Driver/Src/stm32f4xx_hal.o
                0x0800035c                HAL_IncTick
 .text.HAL_GetTick
                0x08000378       0x18 Drivers/STM32F4xx_HAL_Driver/Src/stm32f4xx_hal.o
                0x08000378                HAL_GetTick
 .text.NVIC_SetPriorityGrouping
                0x08000390       0x48 Drivers/STM32F4xx_HAL_Driver/Src/stm32f4xx_hal_cortex.o
 .text.NVIC_GetPriorityGrouping
                0x080003d8       0x1c Drivers/STM32F4xx_HAL_Driver/Src/stm32f4xx_hal_cortex.o
 .text.NVIC_SetPriority
                0x080003f4       0x54 Drivers/STM32F4xx_HAL_Driver/Src/stm32f4xx_hal_cortex.o
 .text.NVIC_EncodePriority
                0x08000448       0x62 Drivers/STM32F4xx_HAL_Driver/Src/stm32f4xx_hal_cortex.o
 *fill*         0x080004aa        0x2 
 .text.SysTick_Config
                0x080004ac       0x44 Drivers/STM32F4xx_HAL_Driver/Src/stm32f4xx_hal_cortex.o
 .text.HAL_NVIC_SetPriorityGrouping
                0x080004f0       0x16 Drivers/STM32F4xx_HAL_Driver/Src/stm32f4xx_hal_cortex.o
                0x080004f0                HAL_NVIC_SetPriorityGrouping
 .text.HAL_NVIC_SetPriority
                0x08000506       0x38 Drivers/STM32F4xx_HAL_Driver/Src/stm32f4xx_hal_cortex.o
                0x08000506                HAL_NVIC_SetPriority
 .text.HAL_SYSTICK_Config
                0x0800053e       0x18 Drivers/STM32F4xx_HAL_Driver/Src/stm32f4xx_hal_cortex.o
                0x0800053e                HAL_SYSTICK_Config
 *fill*         0x08000556        0x2 
 .text.HAL_SYSTICK_CLKSourceConfig
                0x08000558       0x38 Drivers/STM32F4xx_HAL_Driver/Src/stm32f4xx_hal_cortex.o
                0x08000558                HAL_SYSTICK_CLKSourceConfig
 .text.HAL_SYSTICK_IRQHandler
                0x08000590        0xc Drivers/STM32F4xx_HAL_Driver/Src/stm32f4xx_hal_cortex.o
                0x08000590                HAL_SYSTICK_IRQHandler
 .text.HAL_SYSTICK_Callback
                0x0800059c        0xe Drivers/STM32F4xx_HAL_Driver/Src/stm32f4xx_hal_cortex.o
                0x0800059c                HAL_SYSTICK_Callback
 *fill*         0x080005aa        0x2 
 .text.HAL_GPIO_Init
                0x080005ac      0x354 Drivers/STM32F4xx_HAL_Driver/Src/stm32f4xx_hal_gpio.o
                0x080005ac                HAL_GPIO_Init
 .text.HAL_GPIO_WritePin
                0x08000900       0x32 Drivers/STM32F4xx_HAL_Driver/Src/stm32f4xx_hal_gpio.o
                0x08000900                HAL_GPIO_WritePin
 *fill*         0x08000932        0x2 
 .text.HAL_RCC_OscConfig
                0x08000934      0x4b4 Drivers/STM32F4xx_HAL_Driver/Src/stm32f4xx_hal_rcc.o
                0x08000934                HAL_RCC_OscConfig
 .text.HAL_RCC_ClockConfig
                0x08000de8      0x224 Drivers/STM32F4xx_HAL_Driver/Src/stm32f4xx_hal_rcc.o
                0x08000de8                HAL_RCC_ClockConfig
 .text.HAL_RCC_GetSysClockFreq
                0x0800100c       0xfc Drivers/STM32F4xx_HAL_Driver/Src/stm32f4xx_hal_rcc.o
                0x0800100c                HAL_RCC_GetSysClockFreq
 .text.HAL_RCC_GetHCLKFreq
                0x08001108       0x18 Drivers/STM32F4xx_HAL_Driver/Src/stm32f4xx_hal_rcc.o
                0x08001108                HAL_RCC_GetHCLKFreq
 .text.HAL_SPI_Init
                0x08001120       0xc6 Drivers/STM32F4xx_HAL_Driver/Src/stm32f4xx_hal_spi.o
                0x08001120                HAL_SPI_Init
 .text.HAL_SPI_TransmitReceive
                0x080011e6      0x33e Drivers/STM32F4xx_HAL_Driver/Src/stm32f4xx_hal_spi.o
                0x080011e6                HAL_SPI_TransmitReceive
 .text.SPI_WaitFlagStateUntilTimeout
                0x08001524       0xd2 Drivers/STM32F4xx_HAL_Driver/Src/stm32f4xx_hal_spi.o
 .text.SPI_CheckFlag_BSY
                0x080015f6       0x3c Drivers/STM32F4xx_HAL_Driver/Src/stm32f4xx_hal_spi.o
 *fill*         0x08001632        0x2 
 .text.MX_GPIO_Init
                0x08001634      0x4ec Src/gpio.o
                0x08001634                MX_GPIO_Init
 .text.main     0x08001b20      0x1c0 Src/main.o
                0x08001b20                main
 .text.SystemClock_Config
                0x08001ce0       0xf0 Src/main.o
                0x08001ce0                SystemClock_Config
 .text.my_spiffs_read
                0x08001dd0       0x24 Src/main.o
 .text.my_spiffs_write
                0x08001df4       0x24 Src/main.o
 .text.my_spiffs_erase
                0x08001e18       0x1c Src/main.o
 .text.my_spiffs_mount
                0x08001e34       0x80 Src/main.o
 .text._Error_Handler
                0x08001eb4        0xc Src/main.o
                0x08001eb4                _Error_Handler
 .text.MX_SPI2_Init
                0x08001ec0       0x74 Src/spi.o
                0x08001ec0                MX_SPI2_Init
 .text.HAL_SPI_MspInit
                0x08001f34       0x88 Src/spi.o
                0x08001f34                HAL_SPI_MspInit
 .text.sFLASH_Init
                0x08001fbc       0x1c Src/spi_flash.o
                0x08001fbc                sFLASH_Init
 .text.sFLASH_Erase
                0x08001fd8       0x8e Src/spi_flash.o
                0x08001fd8                sFLASH_Erase
 *fill*         0x08002066        0x2 
 .text.sFLASH_EraseSector
                0x08002068       0x58 Src/spi_flash.o
                0x08002068                sFLASH_EraseSector
 .text.sFLASH_EraseSubSector
                0x080020c0       0x58 Src/spi_flash.o
                0x080020c0                sFLASH_EraseSubSector
 .text.sFLASH_WritePage
                0x08002118       0x7c Src/spi_flash.o
                0x08002118                sFLASH_WritePage
 .text.sFLASH_WriteBuffer
                0x08002194      0x152 Src/spi_flash.o
                0x08002194                sFLASH_WriteBuffer
 *fill*         0x080022e6        0x2 
 .text.sFLASH_ReadBuffer
                0x080022e8       0x78 Src/spi_flash.o
                0x080022e8                sFLASH_ReadBuffer
 .text.sFLASH_SendByte
                0x08002360       0x2c Src/spi_flash.o
                0x08002360                sFLASH_SendByte
 .text.sFLASH_WriteEnable
                0x0800238c       0x28 Src/spi_flash.o
                0x0800238c                sFLASH_WriteEnable
 .text.sFLASH_WaitForWriteEnd
                0x080023b4       0x44 Src/spi_flash.o
                0x080023b4                sFLASH_WaitForWriteEnd
 .text.sFLASH_LowLevel_Init
                0x080023f8        0xe Src/spi_flash.o
                0x080023f8                sFLASH_LowLevel_Init
 .text.spiffs_cache_page_get
                0x08002406       0x90 Src/spiffs_cache.o
 .text.spiffs_cache_page_free
                0x08002496       0xb6 Src/spiffs_cache.o
 .text.spiffs_cache_page_remove_oldest
                0x0800254c       0xb2 Src/spiffs_cache.o
 .text.spiffs_cache_page_allocate
                0x080025fe       0x86 Src/spiffs_cache.o
 .text.spiffs_cache_drop_page
                0x08002684       0x34 Src/spiffs_cache.o
                0x08002684                spiffs_cache_drop_page
 .text.spiffs_phys_rd
                0x080026b8      0x1a0 Src/spiffs_cache.o
                0x080026b8                spiffs_phys_rd
 .text.spiffs_phys_wr
                0x08002858       0xfe Src/spiffs_cache.o
                0x08002858                spiffs_phys_wr
 .text.spiffs_cache_page_get_by_fd
                0x08002956       0x88 Src/spiffs_cache.o
                0x08002956                spiffs_cache_page_get_by_fd
 .text.spiffs_cache_page_allocate_by_fd
                0x080029de       0x44 Src/spiffs_cache.o
                0x080029de                spiffs_cache_page_allocate_by_fd
 .text.spiffs_cache_fd_release
                0x08002a22       0x76 Src/spiffs_cache.o
                0x08002a22                spiffs_cache_fd_release
 .text.spiffs_cache_init
                0x08002a98       0xf8 Src/spiffs_cache.o
                0x08002a98                spiffs_cache_init
 .text.spiffs_gc_erase_block
                0x08002b90       0x70 Src/spiffs_gc.o
 .text.spiffs_gc_quick
                0x08002c00      0x2a0 Src/spiffs_gc.o
                0x08002c00                spiffs_gc_quick
 .text.spiffs_gc_check
                0x08002ea0      0x26c Src/spiffs_gc.o
                0x08002ea0                spiffs_gc_check
 .text.spiffs_gc_erase_page_stats
                0x0800310c      0x16e Src/spiffs_gc.o
                0x0800310c                spiffs_gc_erase_page_stats
 *fill*         0x0800327a        0x2 
 .text.spiffs_gc_find_candidate
                0x0800327c      0x38c Src/spiffs_gc.o
                0x0800327c                spiffs_gc_find_candidate
 .text.spiffs_gc_clean
                0x08003608      0x764 Src/spiffs_gc.o
                0x08003608                spiffs_gc_clean
 .text.SPIFFS_mount
                0x08003d6c      0x15c Src/spiffs_hydrogen.o
                0x08003d6c                SPIFFS_mount
 .text.SPIFFS_unmount
                0x08003ec8       0x88 Src/spiffs_hydrogen.o
                0x08003ec8                SPIFFS_unmount
 .text.SPIFFS_errno
                0x08003f50       0x18 Src/spiffs_hydrogen.o
                0x08003f50                SPIFFS_errno
 .text.SPIFFS_open
                0x08003f68      0x260 Src/spiffs_hydrogen.o
                0x08003f68                SPIFFS_open
 .text.spiffs_hydro_read
                0x080041c8      0x17c Src/spiffs_hydrogen.o
 .text.SPIFFS_read
                0x08004344       0x3c Src/spiffs_hydrogen.o
                0x08004344                SPIFFS_read
 .text.spiffs_hydro_write
                0x08004380       0x9e Src/spiffs_hydrogen.o
 *fill*         0x0800441e        0x2 
 .text.SPIFFS_write
                0x08004420      0x344 Src/spiffs_hydrogen.o
                0x08004420                SPIFFS_write
 .text.spiffs_fflush_cache
                0x08004764       0xb6 Src/spiffs_hydrogen.o
 *fill*         0x0800481a        0x2 
 .text.SPIFFS_close
                0x0800481c       0xa8 Src/spiffs_hydrogen.o
                0x0800481c                SPIFFS_close
 .text.spiffs_page_data_check
                0x080048c4      0x138 Src/spiffs_nucleus.o
 .text.spiffs_page_index_check
                0x080049fc      0x144 Src/spiffs_nucleus.o
 .text.spiffs_phys_cpy
                0x08004b40       0x8c Src/spiffs_nucleus.o
                0x08004b40                spiffs_phys_cpy
 .text.spiffs_obj_lu_find_entry_visitor
                0x08004bcc      0x344 Src/spiffs_nucleus.o
                0x08004bcc                spiffs_obj_lu_find_entry_visitor
 .text.spiffs_erase_block
                0x08004f10       0xf8 Src/spiffs_nucleus.o
                0x08004f10                spiffs_erase_block
 .text.spiffs_obj_lu_scan_v
                0x08005008       0x5c Src/spiffs_nucleus.o
 .text.spiffs_obj_lu_scan
                0x08005064      0x160 Src/spiffs_nucleus.o
                0x08005064                spiffs_obj_lu_scan
 .text.spiffs_obj_lu_find_free
                0x080051c4       0xa4 Src/spiffs_nucleus.o
                0x080051c4                spiffs_obj_lu_find_free
 .text.spiffs_obj_lu_find_id
                0x08005268       0x58 Src/spiffs_nucleus.o
                0x08005268                spiffs_obj_lu_find_id
 .text.spiffs_obj_lu_find_id_and_span_v
                0x080052c0       0xf4 Src/spiffs_nucleus.o
 .text.spiffs_obj_lu_find_id_and_span
                0x080053b4       0xf0 Src/spiffs_nucleus.o
                0x080053b4                spiffs_obj_lu_find_id_and_span
 .text.spiffs_update_ix_map
                0x080054a4      0x1a0 Src/spiffs_nucleus.o
 .text.spiffs_page_allocate_data
                0x08005644      0x286 Src/spiffs_nucleus.o
                0x08005644                spiffs_page_allocate_data
 .text.spiffs_page_move
                0x080058ca      0x254 Src/spiffs_nucleus.o
                0x080058ca                spiffs_page_move
 .text.spiffs_page_delete
                0x08005b1e       0xf2 Src/spiffs_nucleus.o
                0x08005b1e                spiffs_page_delete
 .text.spiffs_object_create
                0x08005c10      0x22e Src/spiffs_nucleus.o
                0x08005c10                spiffs_object_create
 *fill*         0x08005e3e        0x2 
 .text.spiffs_object_update_index_hdr
                0x08005e40      0x180 Src/spiffs_nucleus.o
                0x08005e40                spiffs_object_update_index_hdr
 .text.spiffs_cb_object_event
                0x08005fc0      0x204 Src/spiffs_nucleus.o
                0x08005fc0                spiffs_cb_object_event
 .text.spiffs_object_open_by_page
                0x080061c4      0x184 Src/spiffs_nucleus.o
                0x080061c4                spiffs_object_open_by_page
 .text.spiffs_object_append
                0x08006348      0x870 Src/spiffs_nucleus.o
                0x08006348                spiffs_object_append
 .text.spiffs_object_modify
                0x08006bb8      0x72c Src/spiffs_nucleus.o
                0x08006bb8                spiffs_object_modify
 .text.spiffs_object_find_object_index_header_by_name_v
                0x080072e4       0xf4 Src/spiffs_nucleus.o
 .text.spiffs_object_find_object_index_header_by_name
                0x080073d8       0xd4 Src/spiffs_nucleus.o
                0x080073d8                spiffs_object_find_object_index_header_by_name
 .text.spiffs_object_truncate
                0x080074ac      0x7a4 Src/spiffs_nucleus.o
                0x080074ac                spiffs_object_truncate
 .text.spiffs_object_read
                0x08007c50      0x314 Src/spiffs_nucleus.o
                0x08007c50                spiffs_object_read
 .text.spiffs_obj_lu_find_free_obj_id_bitmap_v
                0x08007f64      0x164 Src/spiffs_nucleus.o
 .text.spiffs_obj_lu_find_free_obj_id_compact_v
                0x080080c8      0x128 Src/spiffs_nucleus.o
 .text.spiffs_obj_lu_find_free_obj_id
                0x080081f0      0x2b8 Src/spiffs_nucleus.o
                0x080081f0                spiffs_obj_lu_find_free_obj_id
 .text.spiffs_hash
                0x080084a8       0x4e Src/spiffs_nucleus.o
 *fill*         0x080084f6        0x2 
 .text.spiffs_fd_find_new
                0x080084f8      0x1d8 Src/spiffs_nucleus.o
                0x080084f8                spiffs_fd_find_new
 .text.spiffs_fd_return
                0x080086d0       0x70 Src/spiffs_nucleus.o
                0x080086d0                spiffs_fd_return
 .text.spiffs_fd_get
                0x08008740       0x6c Src/spiffs_nucleus.o
                0x08008740                spiffs_fd_get
 .text.HAL_MspInit
                0x080087ac       0x62 Src/stm32f4xx_hal_msp.o
                0x080087ac                HAL_MspInit
 .text.SysTick_Handler
                0x0800880e       0x10 Src/stm32f4xx_it.o
                0x0800880e                SysTick_Handler
 *fill*         0x0800881e        0x2 
 .text.SystemInit
                0x08008820       0x6c Src/system_stm32f4xx.o
                0x08008820                SystemInit
 .text.Reset_Handler
                0x0800888c       0x50 startup/startup_stm32f429xx.o
                0x0800888c                Reset_Handler
 .text.Default_Handler
                0x080088dc        0x2 startup/startup_stm32f429xx.o
                0x080088dc                RTC_Alarm_IRQHandler
                0x080088dc                HASH_RNG_IRQHandler
                0x080088dc                EXTI2_IRQHandler
                0x080088dc                TIM8_CC_IRQHandler
                0x080088dc                DebugMon_Handler
                0x080088dc                UART8_IRQHandler
                0x080088dc                SPI4_IRQHandler
                0x080088dc                TIM1_CC_IRQHandler
                0x080088dc                DMA2_Stream5_IRQHandler
                0x080088dc                HardFault_Handler
                0x080088dc                DMA1_Stream5_IRQHandler
                0x080088dc                PVD_IRQHandler
                0x080088dc                SDIO_IRQHandler
                0x080088dc                TAMP_STAMP_IRQHandler
                0x080088dc                PendSV_Handler
                0x080088dc                NMI_Handler
                0x080088dc                CAN2_RX1_IRQHandler
                0x080088dc                EXTI3_IRQHandler
                0x080088dc                TIM8_TRG_COM_TIM14_IRQHandler
                0x080088dc                TIM1_UP_TIM10_IRQHandler
                0x080088dc                TIM8_UP_TIM13_IRQHandler
                0x080088dc                I2C3_ER_IRQHandler
                0x080088dc                EXTI0_IRQHandler
                0x080088dc                I2C2_EV_IRQHandler
                0x080088dc                DMA1_Stream2_IRQHandler
                0x080088dc                CAN1_RX0_IRQHandler
                0x080088dc                FPU_IRQHandler
                0x080088dc                OTG_HS_WKUP_IRQHandler
                0x080088dc                UsageFault_Handler
                0x080088dc                LTDC_ER_IRQHandler
                0x080088dc                CAN2_SCE_IRQHandler
                0x080088dc                DMA2_Stream2_IRQHandler
                0x080088dc                SPI1_IRQHandler
                0x080088dc                TIM6_DAC_IRQHandler
                0x080088dc                TIM1_BRK_TIM9_IRQHandler
                0x080088dc                DCMI_IRQHandler
                0x080088dc                CAN2_RX0_IRQHandler
                0x080088dc                DMA2_Stream3_IRQHandler
                0x080088dc                USART6_IRQHandler
                0x080088dc                USART3_IRQHandler
                0x080088dc                CAN1_RX1_IRQHandler
                0x080088dc                UART5_IRQHandler
                0x080088dc                DMA2_Stream0_IRQHandler
                0x080088dc                TIM4_IRQHandler
                0x080088dc                I2C1_EV_IRQHandler
                0x080088dc                DMA1_Stream6_IRQHandler
                0x080088dc                DMA1_Stream1_IRQHandler
                0x080088dc                UART4_IRQHandler
                0x080088dc                TIM3_IRQHandler
                0x080088dc                RCC_IRQHandler
                0x080088dc                TIM8_BRK_TIM12_IRQHandler
                0x080088dc                Default_Handler
                0x080088dc                EXTI15_10_IRQHandler
                0x080088dc                ADC_IRQHandler
                0x080088dc                DMA1_Stream7_IRQHandler
                0x080088dc                SPI5_IRQHandler
                0x080088dc                TIM7_IRQHandler
                0x080088dc                CAN2_TX_IRQHandler
                0x080088dc                TIM5_IRQHandler
                0x080088dc                DMA2_Stream7_IRQHandler
                0x080088dc                I2C3_EV_IRQHandler
                0x080088dc                EXTI9_5_IRQHandler
                0x080088dc                RTC_WKUP_IRQHandler
                0x080088dc                LTDC_IRQHandler
                0x080088dc                ETH_WKUP_IRQHandler
                0x080088dc                SPI2_IRQHandler
                0x080088dc                OTG_HS_EP1_IN_IRQHandler
                0x080088dc                MemManage_Handler
                0x080088dc                DMA1_Stream0_IRQHandler
                0x080088dc                CAN1_TX_IRQHandler
                0x080088dc                SVC_Handler
                0x080088dc                EXTI4_IRQHandler
                0x080088dc                ETH_IRQHandler
                0x080088dc                OTG_HS_EP1_OUT_IRQHandler
                0x080088dc                WWDG_IRQHandler
                0x080088dc                SPI6_IRQHandler
                0x080088dc                TIM2_IRQHandler
                0x080088dc                OTG_FS_WKUP_IRQHandler
                0x080088dc                TIM1_TRG_COM_TIM11_IRQHandler
                0x080088dc                OTG_HS_IRQHandler
                0x080088dc                DMA2D_IRQHandler
                0x080088dc                EXTI1_IRQHandler
                0x080088dc                UART7_IRQHandler
                0x080088dc                USART2_IRQHandler
                0x080088dc                I2C2_ER_IRQHandler
                0x080088dc                DMA2_Stream1_IRQHandler
                0x080088dc                CAN1_SCE_IRQHandler
                0x080088dc                FLASH_IRQHandler
                0x080088dc                DMA2_Stream4_IRQHandler
                0x080088dc                BusFault_Handler
                0x080088dc                USART1_IRQHandler
                0x080088dc                OTG_FS_IRQHandler
                0x080088dc                SPI3_IRQHandler
                0x080088dc                DMA1_Stream4_IRQHandler
                0x080088dc                I2C1_ER_IRQHandler
                0x080088dc                FMC_IRQHandler
                0x080088dc                DMA2_Stream6_IRQHandler
                0x080088dc                SAI1_IRQHandler
                0x080088dc                DMA1_Stream3_IRQHandler
 *fill*         0x080088de        0x2 
 .text.__libc_init_array
                0x080088e0       0x48 c:/ac6/systemworkbench/plugins/fr.ac6.mcu.externaltools.arm-none.win32_1.15.0.201708311556/tools/compiler/bin/../lib/gcc/arm-none-eabi/6.3.1/../../../../arm-none-eabi/lib/thumb/v7e-m/fpv4-sp/hard\libc_nano.a(lib_a-init.o)
                0x080088e0                __libc_init_array
 .text.memcpy   0x08008928       0x16 c:/ac6/systemworkbench/plugins/fr.ac6.mcu.externaltools.arm-none.win32_1.15.0.201708311556/tools/compiler/bin/../lib/gcc/arm-none-eabi/6.3.1/../../../../arm-none-eabi/lib/thumb/v7e-m/fpv4-sp/hard\libc_nano.a(lib_a-memcpy-stub.o)
                0x08008928                memcpy
 .text.memset   0x0800893e       0x10 c:/ac6/systemworkbench/plugins/fr.ac6.mcu.externaltools.arm-none.win32_1.15.0.201708311556/tools/compiler/bin/../lib/gcc/arm-none-eabi/6.3.1/../../../../arm-none-eabi/lib/thumb/v7e-m/fpv4-sp/hard\libc_nano.a(lib_a-memset.o)
                0x0800893e                memset
 *fill*         0x0800894e        0x2 
 .text.printf   0x08008950       0x30 c:/ac6/systemworkbench/plugins/fr.ac6.mcu.externaltools.arm-none.win32_1.15.0.201708311556/tools/compiler/bin/../lib/gcc/arm-none-eabi/6.3.1/../../../../arm-none-eabi/lib/thumb/v7e-m/fpv4-sp/hard\libc_nano.a(lib_a-printf.o)
                0x08008950                iprintf
                0x08008950                printf
 .text.strncpy  0x08008980       0x2a c:/ac6/systemworkbench/plugins/fr.ac6.mcu.externaltools.arm-none.win32_1.15.0.201708311556/tools/compiler/bin/../lib/gcc/arm-none-eabi/6.3.1/../../../../arm-none-eabi/lib/thumb/v7e-m/fpv4-sp/hard\libc_nano.a(lib_a-strncpy.o)
                0x08008980                strncpy
 *fill*         0x080089aa        0x2 
 .text.__swbuf_r
                0x080089ac       0xa4 c:/ac6/systemworkbench/plugins/fr.ac6.mcu.externaltools.arm-none.win32_1.15.0.201708311556/tools/compiler/bin/../lib/gcc/arm-none-eabi/6.3.1/../../../../arm-none-eabi/lib/thumb/v7e-m/fpv4-sp/hard\libc_nano.a(lib_a-wbuf.o)
                0x080089ac                __swbuf_r
 .text.__swsetup_r
                0x08008a50       0xdc c:/ac6/systemworkbench/plugins/fr.ac6.mcu.externaltools.arm-none.win32_1.15.0.201708311556/tools/compiler/bin/../lib/gcc/arm-none-eabi/6.3.1/../../../../arm-none-eabi/lib/thumb/v7e-m/fpv4-sp/hard\libc_nano.a(lib_a-wsetup.o)
                0x08008a50                __swsetup_r
 .text.__sflush_r
                0x08008b2c      0x110 c:/ac6/systemworkbench/plugins/fr.ac6.mcu.externaltools.arm-none.win32_1.15.0.201708311556/tools/compiler/bin/../lib/gcc/arm-none-eabi/6.3.1/../../../../arm-none-eabi/lib/thumb/v7e-m/fpv4-sp/hard\libc_nano.a(lib_a-fflush.o)
                0x08008b2c                __sflush_r
 .text._fflush_r
                0x08008c3c       0x54 c:/ac6/systemworkbench/plugins/fr.ac6.mcu.externaltools.arm-none.win32_1.15.0.201708311556/tools/compiler/bin/../lib/gcc/arm-none-eabi/6.3.1/../../../../arm-none-eabi/lib/thumb/v7e-m/fpv4-sp/hard\libc_nano.a(lib_a-fflush.o)
                0x08008c3c                _fflush_r
 .text._cleanup_r
                0x08008c90        0xc c:/ac6/systemworkbench/plugins/fr.ac6.mcu.externaltools.arm-none.win32_1.15.0.201708311556/tools/compiler/bin/../lib/gcc/arm-none-eabi/6.3.1/../../../../arm-none-eabi/lib/thumb/v7e-m/fpv4-sp/hard\libc_nano.a(lib_a-findfp.o)
                0x08008c90                _cleanup_r
 .text.std.isra.0
                0x08008c9c       0x48 c:/ac6/systemworkbench/plugins/fr.ac6.mcu.externaltools.arm-none.win32_1.15.0.201708311556/tools/compiler/bin/../lib/gcc/arm-none-eabi/6.3.1/../../../../arm-none-eabi/lib/thumb/v7e-m/fpv4-sp/hard\libc_nano.a(lib_a-findfp.o)
 .text.__sfmoreglue
                0x08008ce4       0x2c c:/ac6/systemworkbench/plugins/fr.ac6.mcu.externaltools.arm-none.win32_1.15.0.201708311556/tools/compiler/bin/../lib/gcc/arm-none-eabi/6.3.1/../../../../arm-none-eabi/lib/thumb/v7e-m/fpv4-sp/hard\libc_nano.a(lib_a-findfp.o)
                0x08008ce4                __sfmoreglue
 .text.__sinit  0x08008d10       0x60 c:/ac6/systemworkbench/plugins/fr.ac6.mcu.externaltools.arm-none.win32_1.15.0.201708311556/tools/compiler/bin/../lib/gcc/arm-none-eabi/6.3.1/../../../../arm-none-eabi/lib/thumb/v7e-m/fpv4-sp/hard\libc_nano.a(lib_a-findfp.o)
                0x08008d10                __sinit
 .text.__sfp    0x08008d70       0x78 c:/ac6/systemworkbench/plugins/fr.ac6.mcu.externaltools.arm-none.win32_1.15.0.201708311556/tools/compiler/bin/../lib/gcc/arm-none-eabi/6.3.1/../../../../arm-none-eabi/lib/thumb/v7e-m/fpv4-sp/hard\libc_nano.a(lib_a-findfp.o)
                0x08008d70                __sfp
 .text._fwalk_reent
                0x08008de8       0x3c c:/ac6/systemworkbench/plugins/fr.ac6.mcu.externaltools.arm-none.win32_1.15.0.201708311556/tools/compiler/bin/../lib/gcc/arm-none-eabi/6.3.1/../../../../arm-none-eabi/lib/thumb/v7e-m/fpv4-sp/hard\libc_nano.a(lib_a-fwalk.o)
                0x08008de8                _fwalk_reent
 .text.__swhatbuf_r
                0x08008e24       0x48 c:/ac6/systemworkbench/plugins/fr.ac6.mcu.externaltools.arm-none.win32_1.15.0.201708311556/tools/compiler/bin/../lib/gcc/arm-none-eabi/6.3.1/../../../../arm-none-eabi/lib/thumb/v7e-m/fpv4-sp/hard\libc_nano.a(lib_a-makebuf.o)
                0x08008e24                __swhatbuf_r
 .text.__smakebuf_r
                0x08008e6c       0x80 c:/ac6/systemworkbench/plugins/fr.ac6.mcu.externaltools.arm-none.win32_1.15.0.201708311556/tools/compiler/bin/../lib/gcc/arm-none-eabi/6.3.1/../../../../arm-none-eabi/lib/thumb/v7e-m/fpv4-sp/hard\libc_nano.a(lib_a-makebuf.o)
                0x08008e6c                __smakebuf_r
 .text._free_r  0x08008eec       0x9c c:/ac6/systemworkbench/plugins/fr.ac6.mcu.externaltools.arm-none.win32_1.15.0.201708311556/tools/compiler/bin/../lib/gcc/arm-none-eabi/6.3.1/../../../../arm-none-eabi/lib/thumb/v7e-m/fpv4-sp/hard\libc_nano.a(lib_a-nano-freer.o)
                0x08008eec                _free_r
 .text._malloc_r
                0x08008f88       0xbc c:/ac6/systemworkbench/plugins/fr.ac6.mcu.externaltools.arm-none.win32_1.15.0.201708311556/tools/compiler/bin/../lib/gcc/arm-none-eabi/6.3.1/../../../../arm-none-eabi/lib/thumb/v7e-m/fpv4-sp/hard\libc_nano.a(lib_a-nano-mallocr.o)
                0x08008f88                _malloc_r
 .text.__sfputc_r
                0x08009044       0x30 c:/ac6/systemworkbench/plugins/fr.ac6.mcu.externaltools.arm-none.win32_1.15.0.201708311556/tools/compiler/bin/../lib/gcc/arm-none-eabi/6.3.1/../../../../arm-none-eabi/lib/thumb/v7e-m/fpv4-sp/hard\libc_nano.a(lib_a-nano-vfprintf.o)
 .text.__sfputs_r
                0x08009074       0x24 c:/ac6/systemworkbench/plugins/fr.ac6.mcu.externaltools.arm-none.win32_1.15.0.201708311556/tools/compiler/bin/../lib/gcc/arm-none-eabi/6.3.1/../../../../arm-none-eabi/lib/thumb/v7e-m/fpv4-sp/hard\libc_nano.a(lib_a-nano-vfprintf.o)
                0x08009074                __sfputs_r
 .text._vfprintf_r
                0x08009098      0x22c c:/ac6/systemworkbench/plugins/fr.ac6.mcu.externaltools.arm-none.win32_1.15.0.201708311556/tools/compiler/bin/../lib/gcc/arm-none-eabi/6.3.1/../../../../arm-none-eabi/lib/thumb/v7e-m/fpv4-sp/hard\libc_nano.a(lib_a-nano-vfprintf.o)
                0x08009098                _vfprintf_r
                0x08009098                _vfiprintf_r
 .text._printf_common
                0x080092c4       0xec c:/ac6/systemworkbench/plugins/fr.ac6.mcu.externaltools.arm-none.win32_1.15.0.201708311556/tools/compiler/bin/../lib/gcc/arm-none-eabi/6.3.1/../../../../arm-none-eabi/lib/thumb/v7e-m/fpv4-sp/hard\libc_nano.a(lib_a-nano-vfprintf_i.o)
                0x080092c4                _printf_common
 .text._printf_i
                0x080093b0      0x240 c:/ac6/systemworkbench/plugins/fr.ac6.mcu.externaltools.arm-none.win32_1.15.0.201708311556/tools/compiler/bin/../lib/gcc/arm-none-eabi/6.3.1/../../../../arm-none-eabi/lib/thumb/v7e-m/fpv4-sp/hard\libc_nano.a(lib_a-nano-vfprintf_i.o)
                0x080093b0                _printf_i
 .text._sbrk_r  0x080095f0       0x20 c:/ac6/systemworkbench/plugins/fr.ac6.mcu.externaltools.arm-none.win32_1.15.0.201708311556/tools/compiler/bin/../lib/gcc/arm-none-eabi/6.3.1/../../../../arm-none-eabi/lib/thumb/v7e-m/fpv4-sp/hard\libc_nano.a(lib_a-sbrkr.o)
                0x080095f0                _sbrk_r
 .text.__sread  0x08009610       0x22 c:/ac6/systemworkbench/plugins/fr.ac6.mcu.externaltools.arm-none.win32_1.15.0.201708311556/tools/compiler/bin/../lib/gcc/arm-none-eabi/6.3.1/../../../../arm-none-eabi/lib/thumb/v7e-m/fpv4-sp/hard\libc_nano.a(lib_a-stdio.o)
                0x08009610                __sread
 .text.__swrite
                0x08009632       0x38 c:/ac6/systemworkbench/plugins/fr.ac6.mcu.externaltools.arm-none.win32_1.15.0.201708311556/tools/compiler/bin/../lib/gcc/arm-none-eabi/6.3.1/../../../../arm-none-eabi/lib/thumb/v7e-m/fpv4-sp/hard\libc_nano.a(lib_a-stdio.o)
                0x08009632                __swrite
 .text.__sseek  0x0800966a       0x24 c:/ac6/systemworkbench/plugins/fr.ac6.mcu.externaltools.arm-none.win32_1.15.0.201708311556/tools/compiler/bin/../lib/gcc/arm-none-eabi/6.3.1/../../../../arm-none-eabi/lib/thumb/v7e-m/fpv4-sp/hard\libc_nano.a(lib_a-stdio.o)
                0x0800966a                __sseek
 .text.__sclose
                0x0800968e        0x8 c:/ac6/systemworkbench/plugins/fr.ac6.mcu.externaltools.arm-none.win32_1.15.0.201708311556/tools/compiler/bin/../lib/gcc/arm-none-eabi/6.3.1/../../../../arm-none-eabi/lib/thumb/v7e-m/fpv4-sp/hard\libc_nano.a(lib_a-stdio.o)
                0x0800968e                __sclose
 *fill*         0x08009696        0x2 
 .text._write_r
                0x08009698       0x24 c:/ac6/systemworkbench/plugins/fr.ac6.mcu.externaltools.arm-none.win32_1.15.0.201708311556/tools/compiler/bin/../lib/gcc/arm-none-eabi/6.3.1/../../../../arm-none-eabi/lib/thumb/v7e-m/fpv4-sp/hard\libc_nano.a(lib_a-writer.o)
                0x08009698                _write_r
 .text._close_r
                0x080096bc       0x20 c:/ac6/systemworkbench/plugins/fr.ac6.mcu.externaltools.arm-none.win32_1.15.0.201708311556/tools/compiler/bin/../lib/gcc/arm-none-eabi/6.3.1/../../../../arm-none-eabi/lib/thumb/v7e-m/fpv4-sp/hard\libc_nano.a(lib_a-closer.o)
                0x080096bc                _close_r
 .text._fstat_r
                0x080096dc       0x24 c:/ac6/systemworkbench/plugins/fr.ac6.mcu.externaltools.arm-none.win32_1.15.0.201708311556/tools/compiler/bin/../lib/gcc/arm-none-eabi/6.3.1/../../../../arm-none-eabi/lib/thumb/v7e-m/fpv4-sp/hard\libc_nano.a(lib_a-fstatr.o)
                0x080096dc                _fstat_r
 .text._isatty_r
                0x08009700       0x20 c:/ac6/systemworkbench/plugins/fr.ac6.mcu.externaltools.arm-none.win32_1.15.0.201708311556/tools/compiler/bin/../lib/gcc/arm-none-eabi/6.3.1/../../../../arm-none-eabi/lib/thumb/v7e-m/fpv4-sp/hard\libc_nano.a(lib_a-isattyr.o)
                0x08009700                _isatty_r
 .text._lseek_r
                0x08009720       0x24 c:/ac6/systemworkbench/plugins/fr.ac6.mcu.externaltools.arm-none.win32_1.15.0.201708311556/tools/compiler/bin/../lib/gcc/arm-none-eabi/6.3.1/../../../../arm-none-eabi/lib/thumb/v7e-m/fpv4-sp/hard\libc_nano.a(lib_a-lseekr.o)
                0x08009720                _lseek_r
 .text.__malloc_lock
                0x08009744        0x2 c:/ac6/systemworkbench/plugins/fr.ac6.mcu.externaltools.arm-none.win32_1.15.0.201708311556/tools/compiler/bin/../lib/gcc/arm-none-eabi/6.3.1/../../../../arm-none-eabi/lib/thumb/v7e-m/fpv4-sp/hard\libc_nano.a(lib_a-mlock.o)
                0x08009744                __malloc_lock
 .text.__malloc_unlock
                0x08009746        0x2 c:/ac6/systemworkbench/plugins/fr.ac6.mcu.externaltools.arm-none.win32_1.15.0.201708311556/tools/compiler/bin/../lib/gcc/arm-none-eabi/6.3.1/../../../../arm-none-eabi/lib/thumb/v7e-m/fpv4-sp/hard\libc_nano.a(lib_a-mlock.o)
                0x08009746                __malloc_unlock
 .text._read_r  0x08009748       0x24 c:/ac6/systemworkbench/plugins/fr.ac6.mcu.externaltools.arm-none.win32_1.15.0.201708311556/tools/compiler/bin/../lib/gcc/arm-none-eabi/6.3.1/../../../../arm-none-eabi/lib/thumb/v7e-m/fpv4-sp/hard\libc_nano.a(lib_a-readr.o)
                0x08009748                _read_r
 .text._close   0x0800976c       0x10 c:/ac6/systemworkbench/plugins/fr.ac6.mcu.externaltools.arm-none.win32_1.15.0.201708311556/tools/compiler/bin/../lib/gcc/arm-none-eabi/6.3.1/../../../../arm-none-eabi/lib/thumb/v7e-m/fpv4-sp/hard\libnosys.a(close.o)
                0x0800976c                _close
 .text._fstat   0x0800977c       0x10 c:/ac6/systemworkbench/plugins/fr.ac6.mcu.externaltools.arm-none.win32_1.15.0.201708311556/tools/compiler/bin/../lib/gcc/arm-none-eabi/6.3.1/../../../../arm-none-eabi/lib/thumb/v7e-m/fpv4-sp/hard\libnosys.a(fstat.o)
                0x0800977c                _fstat
 .text._isatty  0x0800978c       0x10 c:/ac6/systemworkbench/plugins/fr.ac6.mcu.externaltools.arm-none.win32_1.15.0.201708311556/tools/compiler/bin/../lib/gcc/arm-none-eabi/6.3.1/../../../../arm-none-eabi/lib/thumb/v7e-m/fpv4-sp/hard\libnosys.a(isatty.o)
                0x0800978c                _isatty
 .text._lseek   0x0800979c       0x10 c:/ac6/systemworkbench/plugins/fr.ac6.mcu.externaltools.arm-none.win32_1.15.0.201708311556/tools/compiler/bin/../lib/gcc/arm-none-eabi/6.3.1/../../../../arm-none-eabi/lib/thumb/v7e-m/fpv4-sp/hard\libnosys.a(lseek.o)
                0x0800979c                _lseek
 .text._read    0x080097ac       0x10 c:/ac6/systemworkbench/plugins/fr.ac6.mcu.externaltools.arm-none.win32_1.15.0.201708311556/tools/compiler/bin/../lib/gcc/arm-none-eabi/6.3.1/../../../../arm-none-eabi/lib/thumb/v7e-m/fpv4-sp/hard\libnosys.a(read.o)
                0x080097ac                _read
 .text._sbrk    0x080097bc       0x1c c:/ac6/systemworkbench/plugins/fr.ac6.mcu.externaltools.arm-none.win32_1.15.0.201708311556/tools/compiler/bin/../lib/gcc/arm-none-eabi/6.3.1/../../../../arm-none-eabi/lib/thumb/v7e-m/fpv4-sp/hard\libnosys.a(sbrk.o)
                0x080097bc                _sbrk
 .text._write   0x080097d8       0x10 c:/ac6/systemworkbench/plugins/fr.ac6.mcu.externaltools.arm-none.win32_1.15.0.201708311556/tools/compiler/bin/../lib/gcc/arm-none-eabi/6.3.1/../../../../arm-none-eabi/lib/thumb/v7e-m/fpv4-sp/hard\libnosys.a(write.o)
                0x080097d8                _write
 *(.glue_7)
 .glue_7        0x080097e8        0x0 linker stubs
 *(.glue_7t)
 .glue_7t       0x080097e8        0x0 linker stubs
 *(.eh_frame)
 .eh_frame      0x080097e8        0x0 c:/ac6/systemworkbench/plugins/fr.ac6.mcu.externaltools.arm-none.win32_1.15.0.201708311556/tools/compiler/bin/../lib/gcc/arm-none-eabi/6.3.1/thumb/v7e-m/fpv4-sp/hard/crtbegin.o
 *(.init)
 .init          0x080097e8        0x4 c:/ac6/systemworkbench/plugins/fr.ac6.mcu.externaltools.arm-none.win32_1.15.0.201708311556/tools/compiler/bin/../lib/gcc/arm-none-eabi/6.3.1/thumb/v7e-m/fpv4-sp/hard/crti.o
                0x080097e8                _init
 .init          0x080097ec        0x8 c:/ac6/systemworkbench/plugins/fr.ac6.mcu.externaltools.arm-none.win32_1.15.0.201708311556/tools/compiler/bin/../lib/gcc/arm-none-eabi/6.3.1/thumb/v7e-m/fpv4-sp/hard/crtn.o
 *(.fini)
 .fini          0x080097f4        0x4 c:/ac6/systemworkbench/plugins/fr.ac6.mcu.externaltools.arm-none.win32_1.15.0.201708311556/tools/compiler/bin/../lib/gcc/arm-none-eabi/6.3.1/thumb/v7e-m/fpv4-sp/hard/crti.o
                0x080097f4                _fini
 .fini          0x080097f8        0x8 c:/ac6/systemworkbench/plugins/fr.ac6.mcu.externaltools.arm-none.win32_1.15.0.201708311556/tools/compiler/bin/../lib/gcc/arm-none-eabi/6.3.1/thumb/v7e-m/fpv4-sp/hard/crtn.o
                0x08009800                . = ALIGN (0x4)
                0x08009800                _etext = .

.vfp11_veneer   0x08009800        0x0
 .vfp11_veneer  0x08009800        0x0 linker stubs

.v4_bx          0x08009800        0x0
 .v4_bx         0x08009800        0x0 linker stubs

.iplt           0x08009800        0x0
 .iplt          0x08009800        0x0 c:/ac6/systemworkbench/plugins/fr.ac6.mcu.externaltools.arm-none.win32_1.15.0.201708311556/tools/compiler/bin/../lib/gcc/arm-none-eabi/6.3.1/thumb/v7e-m/fpv4-sp/hard/crtbegin.o

.rodata         0x08009800      0x10c
                0x08009800                . = ALIGN (0x4)
 *(.rodata)
 .rodata        0x08009800       0x10 Drivers/STM32F4xx_HAL_Driver/Src/stm32f4xx_hal_rcc.o
                0x08009800                APBAHBPrescTable
 .rodata        0x08009810       0x53 Src/main.o
 *fill*         0x08009863        0x1 
 .rodata        0x08009864        0xd Src/spi.o
 *(.rodata*)
 *fill*         0x08009871        0x3 
 .rodata._global_impure_ptr
                0x08009874        0x4 c:/ac6/systemworkbench/plugins/fr.ac6.mcu.externaltools.arm-none.win32_1.15.0.201708311556/tools/compiler/bin/../lib/gcc/arm-none-eabi/6.3.1/../../../../arm-none-eabi/lib/thumb/v7e-m/fpv4-sp/hard\libc_nano.a(lib_a-impure.o)
                0x08009874                _global_impure_ptr
 .rodata.__sf_fake_stderr
                0x08009878       0x20 c:/ac6/systemworkbench/plugins/fr.ac6.mcu.externaltools.arm-none.win32_1.15.0.201708311556/tools/compiler/bin/../lib/gcc/arm-none-eabi/6.3.1/../../../../arm-none-eabi/lib/thumb/v7e-m/fpv4-sp/hard\libc_nano.a(lib_a-findfp.o)
                0x08009878                __sf_fake_stderr
 .rodata.__sf_fake_stdin
                0x08009898       0x20 c:/ac6/systemworkbench/plugins/fr.ac6.mcu.externaltools.arm-none.win32_1.15.0.201708311556/tools/compiler/bin/../lib/gcc/arm-none-eabi/6.3.1/../../../../arm-none-eabi/lib/thumb/v7e-m/fpv4-sp/hard\libc_nano.a(lib_a-findfp.o)
                0x08009898                __sf_fake_stdin
 .rodata.__sf_fake_stdout
                0x080098b8       0x20 c:/ac6/systemworkbench/plugins/fr.ac6.mcu.externaltools.arm-none.win32_1.15.0.201708311556/tools/compiler/bin/../lib/gcc/arm-none-eabi/6.3.1/../../../../arm-none-eabi/lib/thumb/v7e-m/fpv4-sp/hard\libc_nano.a(lib_a-findfp.o)
                0x080098b8                __sf_fake_stdout
 .rodata._vfprintf_r.str1.1
                0x080098d8       0x11 c:/ac6/systemworkbench/plugins/fr.ac6.mcu.externaltools.arm-none.win32_1.15.0.201708311556/tools/compiler/bin/../lib/gcc/arm-none-eabi/6.3.1/../../../../arm-none-eabi/lib/thumb/v7e-m/fpv4-sp/hard\libc_nano.a(lib_a-nano-vfprintf.o)
 .rodata._printf_i.str1.1
                0x080098e9       0x22 c:/ac6/systemworkbench/plugins/fr.ac6.mcu.externaltools.arm-none.win32_1.15.0.201708311556/tools/compiler/bin/../lib/gcc/arm-none-eabi/6.3.1/../../../../arm-none-eabi/lib/thumb/v7e-m/fpv4-sp/hard\libc_nano.a(lib_a-nano-vfprintf_i.o)
                0x0800990c                . = ALIGN (0x4)
 *fill*         0x0800990b        0x1 

.rel.dyn        0x0800990c        0x0
 .rel.iplt      0x0800990c        0x0 c:/ac6/systemworkbench/plugins/fr.ac6.mcu.externaltools.arm-none.win32_1.15.0.201708311556/tools/compiler/bin/../lib/gcc/arm-none-eabi/6.3.1/thumb/v7e-m/fpv4-sp/hard/crtbegin.o

.ARM.extab
 *(.ARM.extab* .gnu.linkonce.armextab.*)

.ARM            0x0800990c        0x0
                0x0800990c                __exidx_start = .
 *(.ARM.exidx*)
                0x0800990c                __exidx_end = .

.preinit_array  0x0800990c        0x0
                0x0800990c                PROVIDE (__preinit_array_start, .)
 *(.preinit_array*)
                0x0800990c                PROVIDE (__preinit_array_end, .)

.init_array     0x0800990c        0x4
                0x0800990c                PROVIDE (__init_array_start, .)
 *(SORT(.init_array.*))
 *(.init_array*)
 .init_array    0x0800990c        0x4 c:/ac6/systemworkbench/plugins/fr.ac6.mcu.externaltools.arm-none.win32_1.15.0.201708311556/tools/compiler/bin/../lib/gcc/arm-none-eabi/6.3.1/thumb/v7e-m/fpv4-sp/hard/crtbegin.o
                0x08009910                PROVIDE (__init_array_end, .)

.fini_array     0x08009910        0x4
                [!provide]                PROVIDE (__fini_array_start, .)
 *(SORT(.fini_array.*))
 *(.fini_array*)
 .fini_array    0x08009910        0x4 c:/ac6/systemworkbench/plugins/fr.ac6.mcu.externaltools.arm-none.win32_1.15.0.201708311556/tools/compiler/bin/../lib/gcc/arm-none-eabi/6.3.1/thumb/v7e-m/fpv4-sp/hard/crtbegin.o
                [!provide]                PROVIDE (__fini_array_end, .)
                0x08009914                _sidata = LOADADDR (.data)

.data           0x20000000       0x68 load address 0x08009914
                0x20000000                . = ALIGN (0x4)
                0x20000000                _sdata = .
 *(.data)
 .data          0x20000000        0x4 Src/system_stm32f4xx.o
                0x20000000                SystemCoreClock
 *(.data*)
 .data._impure_ptr
                0x20000004        0x4 c:/ac6/systemworkbench/plugins/fr.ac6.mcu.externaltools.arm-none.win32_1.15.0.201708311556/tools/compiler/bin/../lib/gcc/arm-none-eabi/6.3.1/../../../../arm-none-eabi/lib/thumb/v7e-m/fpv4-sp/hard\libc_nano.a(lib_a-impure.o)
                0x20000004                _impure_ptr
 .data.impure_data
                0x20000008       0x60 c:/ac6/systemworkbench/plugins/fr.ac6.mcu.externaltools.arm-none.win32_1.15.0.201708311556/tools/compiler/bin/../lib/gcc/arm-none-eabi/6.3.1/../../../../arm-none-eabi/lib/thumb/v7e-m/fpv4-sp/hard\libc_nano.a(lib_a-impure.o)
                0x20000068                . = ALIGN (0x4)
                0x20000068                _edata = .
                0x0800997c                _siccmram = LOADADDR (.ccmram)

.jcr            0x20000068        0x0 load address 0x0800997c
 .jcr           0x20000068        0x0 c:/ac6/systemworkbench/plugins/fr.ac6.mcu.externaltools.arm-none.win32_1.15.0.201708311556/tools/compiler/bin/../lib/gcc/arm-none-eabi/6.3.1/thumb/v7e-m/fpv4-sp/hard/crtbegin.o

.igot.plt       0x20000068        0x0 load address 0x0800997c
 .igot.plt      0x20000068        0x0 c:/ac6/systemworkbench/plugins/fr.ac6.mcu.externaltools.arm-none.win32_1.15.0.201708311556/tools/compiler/bin/../lib/gcc/arm-none-eabi/6.3.1/thumb/v7e-m/fpv4-sp/hard/crtbegin.o

.ccmram         0x10000000        0x0 load address 0x0800997c
                0x10000000                . = ALIGN (0x4)
                0x10000000                _sccmram = .
 *(.ccmram)
 *(.ccmram*)
                0x10000000                . = ALIGN (0x4)
                0x10000000                _eccmram = .
                0x10000000                . = ALIGN (0x4)

.bss            0x20000068      0x80c
                0x20000068                _sbss = .
                0x20000068                __bss_start__ = _sbss
 *(.bss)
 .bss           0x20000068       0x1c c:/ac6/systemworkbench/plugins/fr.ac6.mcu.externaltools.arm-none.win32_1.15.0.201708311556/tools/compiler/bin/../lib/gcc/arm-none-eabi/6.3.1/thumb/v7e-m/fpv4-sp/hard/crtbegin.o
 .bss           0x20000084      0x784 Src/main.o
 *(.bss*)
 .bss.__malloc_free_list
                0x20000808        0x4 c:/ac6/systemworkbench/plugins/fr.ac6.mcu.externaltools.arm-none.win32_1.15.0.201708311556/tools/compiler/bin/../lib/gcc/arm-none-eabi/6.3.1/../../../../arm-none-eabi/lib/thumb/v7e-m/fpv4-sp/hard\libc_nano.a(lib_a-nano-mallocr.o)
                0x20000808                __malloc_free_list
 .bss.__malloc_sbrk_start
                0x2000080c        0x4 c:/ac6/systemworkbench/plugins/fr.ac6.mcu.externaltools.arm-none.win32_1.15.0.201708311556/tools/compiler/bin/../lib/gcc/arm-none-eabi/6.3.1/../../../../arm-none-eabi/lib/thumb/v7e-m/fpv4-sp/hard\libc_nano.a(lib_a-nano-mallocr.o)
                0x2000080c                __malloc_sbrk_start
 .bss.heap_end.5239
                0x20000810        0x4 c:/ac6/systemworkbench/plugins/fr.ac6.mcu.externaltools.arm-none.win32_1.15.0.201708311556/tools/compiler/bin/../lib/gcc/arm-none-eabi/6.3.1/../../../../arm-none-eabi/lib/thumb/v7e-m/fpv4-sp/hard\libnosys.a(sbrk.o)
 *(COMMON)
 COMMON         0x20000814        0x4 Drivers/STM32F4xx_HAL_Driver/Src/stm32f4xx_hal.o
                0x20000814                uwTick
 COMMON         0x20000818       0x58 Src/spi.o
                0x20000818                hspi2
 COMMON         0x20000870        0x4 c:/ac6/systemworkbench/plugins/fr.ac6.mcu.externaltools.arm-none.win32_1.15.0.201708311556/tools/compiler/bin/../lib/gcc/arm-none-eabi/6.3.1/../../../../arm-none-eabi/lib/thumb/v7e-m/fpv4-sp/hard\libc_nano.a(lib_a-reent.o)
                0x20000870                errno
                0x20000874                . = ALIGN (0x4)
                0x20000874                _ebss = .
                0x20000874                __bss_end__ = _ebss

._user_heap_stack
                0x20000874      0x604
                0x20000878                . = ALIGN (0x8)
 *fill*         0x20000874        0x4 
                0x20000878                PROVIDE (end, .)
                [!provide]                PROVIDE (_end, .)
                0x20000a78                . = (. + _Min_Heap_Size)
 *fill*         0x20000878      0x200 
                0x20000e78                . = (. + _Min_Stack_Size)
 *fill*         0x20000a78      0x400 
                0x20000e78                . = ALIGN (0x8)

/DISCARD/
 libc.a(*)
 libm.a(*)
 libgcc.a(*)

.ARM.attributes
                0x00000000       0x30
 *(.ARM.attributes)
 .ARM.attributes
                0x00000000       0x22 c:/ac6/systemworkbench/plugins/fr.ac6.mcu.externaltools.arm-none.win32_1.15.0.201708311556/tools/compiler/bin/../lib/gcc/arm-none-eabi/6.3.1/thumb/v7e-m/fpv4-sp/hard/crti.o
 .ARM.attributes
                0x00000022       0x34 c:/ac6/systemworkbench/plugins/fr.ac6.mcu.externaltools.arm-none.win32_1.15.0.201708311556/tools/compiler/bin/../lib/gcc/arm-none-eabi/6.3.1/thumb/v7e-m/fpv4-sp/hard/crtbegin.o
 .ARM.attributes
                0x00000056       0x39 Drivers/STM32F4xx_HAL_Driver/Src/stm32f4xx_hal.o
 .ARM.attributes
                0x0000008f       0x39 Drivers/STM32F4xx_HAL_Driver/Src/stm32f4xx_hal_cortex.o
 .ARM.attributes
                0x000000c8       0x39 Drivers/STM32F4xx_HAL_Driver/Src/stm32f4xx_hal_gpio.o
 .ARM.attributes
                0x00000101       0x39 Drivers/STM32F4xx_HAL_Driver/Src/stm32f4xx_hal_rcc.o
 .ARM.attributes
                0x0000013a       0x39 Drivers/STM32F4xx_HAL_Driver/Src/stm32f4xx_hal_spi.o
 .ARM.attributes
                0x00000173       0x39 Src/gpio.o
 .ARM.attributes
                0x000001ac       0x39 Src/main.o
 .ARM.attributes
                0x000001e5       0x39 Src/spi.o
 .ARM.attributes
                0x0000021e       0x39 Src/spi_flash.o
 .ARM.attributes
                0x00000257       0x39 Src/spiffs_cache.o
 .ARM.attributes
                0x00000290       0x39 Src/spiffs_gc.o
 .ARM.attributes
                0x000002c9       0x39 Src/spiffs_hydrogen.o
 .ARM.attributes
                0x00000302       0x39 Src/spiffs_nucleus.o
 .ARM.attributes
                0x0000033b       0x39 Src/stm32f4xx_hal_msp.o
 .ARM.attributes
                0x00000374       0x39 Src/stm32f4xx_it.o
 .ARM.attributes
                0x000003ad       0x39 Src/system_stm32f4xx.o
 .ARM.attributes
                0x000003e6       0x21 startup/startup_stm32f429xx.o
 .ARM.attributes
                0x00000407       0x34 c:/ac6/systemworkbench/plugins/fr.ac6.mcu.externaltools.arm-none.win32_1.15.0.201708311556/tools/compiler/bin/../lib/gcc/arm-none-eabi/6.3.1/../../../../arm-none-eabi/lib/thumb/v7e-m/fpv4-sp/hard\libc_nano.a(lib_a-impure.o)
 .ARM.attributes
                0x0000043b       0x34 c:/ac6/systemworkbench/plugins/fr.ac6.mcu.externaltools.arm-none.win32_1.15.0.201708311556/tools/compiler/bin/../lib/gcc/arm-none-eabi/6.3.1/../../../../arm-none-eabi/lib/thumb/v7e-m/fpv4-sp/hard\libc_nano.a(lib_a-init.o)
 .ARM.attributes
                0x0000046f       0x34 c:/ac6/systemworkbench/plugins/fr.ac6.mcu.externaltools.arm-none.win32_1.15.0.201708311556/tools/compiler/bin/../lib/gcc/arm-none-eabi/6.3.1/../../../../arm-none-eabi/lib/thumb/v7e-m/fpv4-sp/hard\libc_nano.a(lib_a-memcpy-stub.o)
 .ARM.attributes
                0x000004a3       0x34 c:/ac6/systemworkbench/plugins/fr.ac6.mcu.externaltools.arm-none.win32_1.15.0.201708311556/tools/compiler/bin/../lib/gcc/arm-none-eabi/6.3.1/../../../../arm-none-eabi/lib/thumb/v7e-m/fpv4-sp/hard\libc_nano.a(lib_a-memset.o)
 .ARM.attributes
                0x000004d7       0x34 c:/ac6/systemworkbench/plugins/fr.ac6.mcu.externaltools.arm-none.win32_1.15.0.201708311556/tools/compiler/bin/../lib/gcc/arm-none-eabi/6.3.1/../../../../arm-none-eabi/lib/thumb/v7e-m/fpv4-sp/hard\libc_nano.a(lib_a-printf.o)
 .ARM.attributes
                0x0000050b       0x20 c:/ac6/systemworkbench/plugins/fr.ac6.mcu.externaltools.arm-none.win32_1.15.0.201708311556/tools/compiler/bin/../lib/gcc/arm-none-eabi/6.3.1/../../../../arm-none-eabi/lib/thumb/v7e-m/fpv4-sp/hard\libc_nano.a(lib_a-strcmp.o)
 .ARM.attributes
                0x0000052b       0x1b c:/ac6/systemworkbench/plugins/fr.ac6.mcu.externaltools.arm-none.win32_1.15.0.201708311556/tools/compiler/bin/../lib/gcc/arm-none-eabi/6.3.1/../../../../arm-none-eabi/lib/thumb/v7e-m/fpv4-sp/hard\libc_nano.a(lib_a-strlen.o)
 .ARM.attributes
                0x00000546       0x34 c:/ac6/systemworkbench/plugins/fr.ac6.mcu.externaltools.arm-none.win32_1.15.0.201708311556/tools/compiler/bin/../lib/gcc/arm-none-eabi/6.3.1/../../../../arm-none-eabi/lib/thumb/v7e-m/fpv4-sp/hard\libc_nano.a(lib_a-strncpy.o)
 .ARM.attributes
                0x0000057a       0x34 c:/ac6/systemworkbench/plugins/fr.ac6.mcu.externaltools.arm-none.win32_1.15.0.201708311556/tools/compiler/bin/../lib/gcc/arm-none-eabi/6.3.1/../../../../arm-none-eabi/lib/thumb/v7e-m/fpv4-sp/hard\libc_nano.a(lib_a-wbuf.o)
 .ARM.attributes
                0x000005ae       0x34 c:/ac6/systemworkbench/plugins/fr.ac6.mcu.externaltools.arm-none.win32_1.15.0.201708311556/tools/compiler/bin/../lib/gcc/arm-none-eabi/6.3.1/../../../../arm-none-eabi/lib/thumb/v7e-m/fpv4-sp/hard\libc_nano.a(lib_a-wsetup.o)
 .ARM.attributes
                0x000005e2       0x34 c:/ac6/systemworkbench/plugins/fr.ac6.mcu.externaltools.arm-none.win32_1.15.0.201708311556/tools/compiler/bin/../lib/gcc/arm-none-eabi/6.3.1/../../../../arm-none-eabi/lib/thumb/v7e-m/fpv4-sp/hard\libc_nano.a(lib_a-fflush.o)
 .ARM.attributes
                0x00000616       0x34 c:/ac6/systemworkbench/plugins/fr.ac6.mcu.externaltools.arm-none.win32_1.15.0.201708311556/tools/compiler/bin/../lib/gcc/arm-none-eabi/6.3.1/../../../../arm-none-eabi/lib/thumb/v7e-m/fpv4-sp/hard\libc_nano.a(lib_a-findfp.o)
 .ARM.attributes
                0x0000064a       0x34 c:/ac6/systemworkbench/plugins/fr.ac6.mcu.externaltools.arm-none.win32_1.15.0.201708311556/tools/compiler/bin/../lib/gcc/arm-none-eabi/6.3.1/../../../../arm-none-eabi/lib/thumb/v7e-m/fpv4-sp/hard\libc_nano.a(lib_a-fwalk.o)
 .ARM.attributes
                0x0000067e       0x34 c:/ac6/systemworkbench/plugins/fr.ac6.mcu.externaltools.arm-none.win32_1.15.0.201708311556/tools/compiler/bin/../lib/gcc/arm-none-eabi/6.3.1/../../../../arm-none-eabi/lib/thumb/v7e-m/fpv4-sp/hard\libc_nano.a(lib_a-makebuf.o)
 .ARM.attributes
                0x000006b2       0x34 c:/ac6/systemworkbench/plugins/fr.ac6.mcu.externaltools.arm-none.win32_1.15.0.201708311556/tools/compiler/bin/../lib/gcc/arm-none-eabi/6.3.1/../../../../arm-none-eabi/lib/thumb/v7e-m/fpv4-sp/hard\libc_nano.a(lib_a-nano-freer.o)
 .ARM.attributes
                0x000006e6       0x34 c:/ac6/systemworkbench/plugins/fr.ac6.mcu.externaltools.arm-none.win32_1.15.0.201708311556/tools/compiler/bin/../lib/gcc/arm-none-eabi/6.3.1/../../../../arm-none-eabi/lib/thumb/v7e-m/fpv4-sp/hard\libc_nano.a(lib_a-nano-mallocr.o)
 .ARM.attributes
                0x0000071a       0x34 c:/ac6/systemworkbench/plugins/fr.ac6.mcu.externaltools.arm-none.win32_1.15.0.201708311556/tools/compiler/bin/../lib/gcc/arm-none-eabi/6.3.1/../../../../arm-none-eabi/lib/thumb/v7e-m/fpv4-sp/hard\libc_nano.a(lib_a-nano-vfprintf.o)
 .ARM.attributes
                0x0000074e       0x34 c:/ac6/systemworkbench/plugins/fr.ac6.mcu.externaltools.arm-none.win32_1.15.0.201708311556/tools/compiler/bin/../lib/gcc/arm-none-eabi/6.3.1/../../../../arm-none-eabi/lib/thumb/v7e-m/fpv4-sp/hard\libc_nano.a(lib_a-nano-vfprintf_i.o)
 .ARM.attributes
                0x00000782       0x34 c:/ac6/systemworkbench/plugins/fr.ac6.mcu.externaltools.arm-none.win32_1.15.0.201708311556/tools/compiler/bin/../lib/gcc/arm-none-eabi/6.3.1/../../../../arm-none-eabi/lib/thumb/v7e-m/fpv4-sp/hard\libc_nano.a(lib_a-sbrkr.o)
 .ARM.attributes
                0x000007b6       0x34 c:/ac6/systemworkbench/plugins/fr.ac6.mcu.externaltools.arm-none.win32_1.15.0.201708311556/tools/compiler/bin/../lib/gcc/arm-none-eabi/6.3.1/../../../../arm-none-eabi/lib/thumb/v7e-m/fpv4-sp/hard\libc_nano.a(lib_a-stdio.o)
 .ARM.attributes
                0x000007ea       0x34 c:/ac6/systemworkbench/plugins/fr.ac6.mcu.externaltools.arm-none.win32_1.15.0.201708311556/tools/compiler/bin/../lib/gcc/arm-none-eabi/6.3.1/../../../../arm-none-eabi/lib/thumb/v7e-m/fpv4-sp/hard\libc_nano.a(lib_a-writer.o)
 .ARM.attributes
                0x0000081e       0x34 c:/ac6/systemworkbench/plugins/fr.ac6.mcu.externaltools.arm-none.win32_1.15.0.201708311556/tools/compiler/bin/../lib/gcc/arm-none-eabi/6.3.1/../../../../arm-none-eabi/lib/thumb/v7e-m/fpv4-sp/hard\libc_nano.a(lib_a-closer.o)
 .ARM.attributes
                0x00000852       0x34 c:/ac6/systemworkbench/plugins/fr.ac6.mcu.externaltools.arm-none.win32_1.15.0.201708311556/tools/compiler/bin/../lib/gcc/arm-none-eabi/6.3.1/../../../../arm-none-eabi/lib/thumb/v7e-m/fpv4-sp/hard\libc_nano.a(lib_a-fstatr.o)
 .ARM.attributes
                0x00000886       0x34 c:/ac6/systemworkbench/plugins/fr.ac6.mcu.externaltools.arm-none.win32_1.15.0.201708311556/tools/compiler/bin/../lib/gcc/arm-none-eabi/6.3.1/../../../../arm-none-eabi/lib/thumb/v7e-m/fpv4-sp/hard\libc_nano.a(lib_a-isattyr.o)
 .ARM.attributes
                0x000008ba       0x34 c:/ac6/systemworkbench/plugins/fr.ac6.mcu.externaltools.arm-none.win32_1.15.0.201708311556/tools/compiler/bin/../lib/gcc/arm-none-eabi/6.3.1/../../../../arm-none-eabi/lib/thumb/v7e-m/fpv4-sp/hard\libc_nano.a(lib_a-lseekr.o)
 .ARM.attributes
                0x000008ee       0x20 c:/ac6/systemworkbench/plugins/fr.ac6.mcu.externaltools.arm-none.win32_1.15.0.201708311556/tools/compiler/bin/../lib/gcc/arm-none-eabi/6.3.1/../../../../arm-none-eabi/lib/thumb/v7e-m/fpv4-sp/hard\libc_nano.a(lib_a-memchr.o)
 .ARM.attributes
                0x0000090e       0x34 c:/ac6/systemworkbench/plugins/fr.ac6.mcu.externaltools.arm-none.win32_1.15.0.201708311556/tools/compiler/bin/../lib/gcc/arm-none-eabi/6.3.1/../../../../arm-none-eabi/lib/thumb/v7e-m/fpv4-sp/hard\libc_nano.a(lib_a-mlock.o)
 .ARM.attributes
                0x00000942       0x34 c:/ac6/systemworkbench/plugins/fr.ac6.mcu.externaltools.arm-none.win32_1.15.0.201708311556/tools/compiler/bin/../lib/gcc/arm-none-eabi/6.3.1/../../../../arm-none-eabi/lib/thumb/v7e-m/fpv4-sp/hard\libc_nano.a(lib_a-readr.o)
 .ARM.attributes
                0x00000976       0x34 c:/ac6/systemworkbench/plugins/fr.ac6.mcu.externaltools.arm-none.win32_1.15.0.201708311556/tools/compiler/bin/../lib/gcc/arm-none-eabi/6.3.1/../../../../arm-none-eabi/lib/thumb/v7e-m/fpv4-sp/hard\libc_nano.a(lib_a-reent.o)
 .ARM.attributes
                0x000009aa       0x34 c:/ac6/systemworkbench/plugins/fr.ac6.mcu.externaltools.arm-none.win32_1.15.0.201708311556/tools/compiler/bin/../lib/gcc/arm-none-eabi/6.3.1/../../../../arm-none-eabi/lib/thumb/v7e-m/fpv4-sp/hard\libnosys.a(close.o)
 .ARM.attributes
                0x000009de       0x34 c:/ac6/systemworkbench/plugins/fr.ac6.mcu.externaltools.arm-none.win32_1.15.0.201708311556/tools/compiler/bin/../lib/gcc/arm-none-eabi/6.3.1/../../../../arm-none-eabi/lib/thumb/v7e-m/fpv4-sp/hard\libnosys.a(fstat.o)
 .ARM.attributes
                0x00000a12       0x34 c:/ac6/systemworkbench/plugins/fr.ac6.mcu.externaltools.arm-none.win32_1.15.0.201708311556/tools/compiler/bin/../lib/gcc/arm-none-eabi/6.3.1/../../../../arm-none-eabi/lib/thumb/v7e-m/fpv4-sp/hard\libnosys.a(isatty.o)
 .ARM.attributes
                0x00000a46       0x34 c:/ac6/systemworkbench/plugins/fr.ac6.mcu.externaltools.arm-none.win32_1.15.0.201708311556/tools/compiler/bin/../lib/gcc/arm-none-eabi/6.3.1/../../../../arm-none-eabi/lib/thumb/v7e-m/fpv4-sp/hard\libnosys.a(lseek.o)
 .ARM.attributes
                0x00000a7a       0x34 c:/ac6/systemworkbench/plugins/fr.ac6.mcu.externaltools.arm-none.win32_1.15.0.201708311556/tools/compiler/bin/../lib/gcc/arm-none-eabi/6.3.1/../../../../arm-none-eabi/lib/thumb/v7e-m/fpv4-sp/hard\libnosys.a(read.o)
 .ARM.attributes
                0x00000aae       0x34 c:/ac6/systemworkbench/plugins/fr.ac6.mcu.externaltools.arm-none.win32_1.15.0.201708311556/tools/compiler/bin/../lib/gcc/arm-none-eabi/6.3.1/../../../../arm-none-eabi/lib/thumb/v7e-m/fpv4-sp/hard\libnosys.a(sbrk.o)
 .ARM.attributes
                0x00000ae2       0x34 c:/ac6/systemworkbench/plugins/fr.ac6.mcu.externaltools.arm-none.win32_1.15.0.201708311556/tools/compiler/bin/../lib/gcc/arm-none-eabi/6.3.1/../../../../arm-none-eabi/lib/thumb/v7e-m/fpv4-sp/hard\libnosys.a(write.o)
 .ARM.attributes
                0x00000b16       0x22 c:/ac6/systemworkbench/plugins/fr.ac6.mcu.externaltools.arm-none.win32_1.15.0.201708311556/tools/compiler/bin/../lib/gcc/arm-none-eabi/6.3.1/thumb/v7e-m/fpv4-sp/hard/crtn.o
OUTPUT(SPIFFS.elf elf32-littlearm)

.debug_info     0x00000000    0x14827
 .debug_info    0x00000000     0x1194 Drivers/STM32F4xx_HAL_Driver/Src/stm32f4xx_hal.o
 .debug_info    0x00001194     0x15a7 Drivers/STM32F4xx_HAL_Driver/Src/stm32f4xx_hal_cortex.o
 .debug_info    0x0000273b      0xfa4 Drivers/STM32F4xx_HAL_Driver/Src/stm32f4xx_hal_gpio.o
 .debug_info    0x000036df     0x1394 Drivers/STM32F4xx_HAL_Driver/Src/stm32f4xx_hal_rcc.o
 .debug_info    0x00004a73     0x1ad7 Drivers/STM32F4xx_HAL_Driver/Src/stm32f4xx_hal_spi.o
 .debug_info    0x0000654a      0xd28 Src/gpio.o
 .debug_info    0x00007272     0x19d4 Src/main.o
 .debug_info    0x00008c46     0x1180 Src/spi.o
 .debug_info    0x00009dc6     0x1237 Src/spi_flash.o
 .debug_info    0x0000affd     0x1410 Src/spiffs_cache.o
 .debug_info    0x0000c40d     0x1482 Src/spiffs_gc.o
 .debug_info    0x0000d88f     0x21d4 Src/spiffs_hydrogen.o
 .debug_info    0x0000fa63     0x2b19 Src/spiffs_nucleus.o
 .debug_info    0x0001257c      0xba7 Src/stm32f4xx_hal_msp.o
 .debug_info    0x00013123      0x954 Src/stm32f4xx_it.o
 .debug_info    0x00013a77      0xd45 Src/system_stm32f4xx.o
 .debug_info    0x000147bc       0x6b startup/startup_stm32f429xx.o

.debug_abbrev   0x00000000     0x2acb
 .debug_abbrev  0x00000000      0x301 Drivers/STM32F4xx_HAL_Driver/Src/stm32f4xx_hal.o
 .debug_abbrev  0x00000301      0x39d Drivers/STM32F4xx_HAL_Driver/Src/stm32f4xx_hal_cortex.o
 .debug_abbrev  0x0000069e      0x287 Drivers/STM32F4xx_HAL_Driver/Src/stm32f4xx_hal_gpio.o
 .debug_abbrev  0x00000925      0x371 Drivers/STM32F4xx_HAL_Driver/Src/stm32f4xx_hal_rcc.o
 .debug_abbrev  0x00000c96      0x2cf Drivers/STM32F4xx_HAL_Driver/Src/stm32f4xx_hal_spi.o
 .debug_abbrev  0x00000f65      0x1fb Src/gpio.o
 .debug_abbrev  0x00001160      0x2c7 Src/main.o
 .debug_abbrev  0x00001427      0x226 Src/spi.o
 .debug_abbrev  0x0000164d      0x2d3 Src/spi_flash.o
 .debug_abbrev  0x00001920      0x2fe Src/spiffs_cache.o
 .debug_abbrev  0x00001c1e      0x296 Src/spiffs_gc.o
 .debug_abbrev  0x00001eb4      0x327 Src/spiffs_hydrogen.o
 .debug_abbrev  0x000021db      0x356 Src/spiffs_nucleus.o
 .debug_abbrev  0x00002531      0x1d2 Src/stm32f4xx_hal_msp.o
 .debug_abbrev  0x00002703      0x1b1 Src/stm32f4xx_it.o
 .debug_abbrev  0x000028b4      0x205 Src/system_stm32f4xx.o
 .debug_abbrev  0x00002ab9       0x12 startup/startup_stm32f429xx.o

.debug_aranges  0x00000000      0x978
 .debug_aranges
                0x00000000       0xd0 Drivers/STM32F4xx_HAL_Driver/Src/stm32f4xx_hal.o
 .debug_aranges
                0x000000d0      0x108 Drivers/STM32F4xx_HAL_Driver/Src/stm32f4xx_hal_cortex.o
 .debug_aranges
                0x000001d8       0x58 Drivers/STM32F4xx_HAL_Driver/Src/stm32f4xx_hal_gpio.o
 .debug_aranges
                0x00000230       0x88 Drivers/STM32F4xx_HAL_Driver/Src/stm32f4xx_hal_rcc.o
 .debug_aranges
                0x000002b8      0x190 Drivers/STM32F4xx_HAL_Driver/Src/stm32f4xx_hal_spi.o
 .debug_aranges
                0x00000448       0x20 Src/gpio.o
 .debug_aranges
                0x00000468       0x50 Src/main.o
 .debug_aranges
                0x000004b8       0x30 Src/spi.o
 .debug_aranges
                0x000004e8       0xa8 Src/spi_flash.o
 .debug_aranges
                0x00000590       0x70 Src/spiffs_cache.o
 .debug_aranges
                0x00000600       0x48 Src/spiffs_gc.o
 .debug_aranges
                0x00000648      0x160 Src/spiffs_hydrogen.o
 .debug_aranges
                0x000007a8      0x140 Src/spiffs_nucleus.o
 .debug_aranges
                0x000008e8       0x20 Src/stm32f4xx_hal_msp.o
 .debug_aranges
                0x00000908       0x20 Src/stm32f4xx_it.o
 .debug_aranges
                0x00000928       0x28 Src/system_stm32f4xx.o
 .debug_aranges
                0x00000950       0x28 startup/startup_stm32f429xx.o

.debug_ranges   0x00000000      0x938
 .debug_ranges  0x00000000       0xc0 Drivers/STM32F4xx_HAL_Driver/Src/stm32f4xx_hal.o
 .debug_ranges  0x000000c0       0xf8 Drivers/STM32F4xx_HAL_Driver/Src/stm32f4xx_hal_cortex.o
 .debug_ranges  0x000001b8       0x48 Drivers/STM32F4xx_HAL_Driver/Src/stm32f4xx_hal_gpio.o
 .debug_ranges  0x00000200       0x78 Drivers/STM32F4xx_HAL_Driver/Src/stm32f4xx_hal_rcc.o
 .debug_ranges  0x00000278      0x180 Drivers/STM32F4xx_HAL_Driver/Src/stm32f4xx_hal_spi.o
 .debug_ranges  0x000003f8       0x10 Src/gpio.o
 .debug_ranges  0x00000408       0x40 Src/main.o
 .debug_ranges  0x00000448       0x20 Src/spi.o
 .debug_ranges  0x00000468       0x98 Src/spi_flash.o
 .debug_ranges  0x00000500       0x60 Src/spiffs_cache.o
 .debug_ranges  0x00000560       0xa0 Src/spiffs_gc.o
 .debug_ranges  0x00000600      0x150 Src/spiffs_hydrogen.o
 .debug_ranges  0x00000750      0x190 Src/spiffs_nucleus.o
 .debug_ranges  0x000008e0       0x10 Src/stm32f4xx_hal_msp.o
 .debug_ranges  0x000008f0       0x10 Src/stm32f4xx_it.o
 .debug_ranges  0x00000900       0x18 Src/system_stm32f4xx.o
 .debug_ranges  0x00000918       0x20 startup/startup_stm32f429xx.o

.debug_macro    0x00000000    0x243fe
 .debug_macro   0x00000000      0x360 Drivers/STM32F4xx_HAL_Driver/Src/stm32f4xx_hal.o
 .debug_macro   0x00000360      0x8c2 Drivers/STM32F4xx_HAL_Driver/Src/stm32f4xx_hal.o
 .debug_macro   0x00000c22       0x22 Drivers/STM32F4xx_HAL_Driver/Src/stm32f4xx_hal.o
 .debug_macro   0x00000c44       0x87 Drivers/STM32F4xx_HAL_Driver/Src/stm32f4xx_hal.o
 .debug_macro   0x00000ccb       0x51 Drivers/STM32F4xx_HAL_Driver/Src/stm32f4xx_hal.o
 .debug_macro   0x00000d1c       0xef Drivers/STM32F4xx_HAL_Driver/Src/stm32f4xx_hal.o
 .debug_macro   0x00000e0b       0x6a Drivers/STM32F4xx_HAL_Driver/Src/stm32f4xx_hal.o
 .debug_macro   0x00000e75      0x1df Drivers/STM32F4xx_HAL_Driver/Src/stm32f4xx_hal.o
 .debug_macro   0x00001054      0x4b6 Drivers/STM32F4xx_HAL_Driver/Src/stm32f4xx_hal.o
 .debug_macro   0x0000150a      0x17a Drivers/STM32F4xx_HAL_Driver/Src/stm32f4xx_hal.o
 .debug_macro   0x00001684       0x33 Drivers/STM32F4xx_HAL_Driver/Src/stm32f4xx_hal.o
 .debug_macro   0x000016b7       0x28 Drivers/STM32F4xx_HAL_Driver/Src/stm32f4xx_hal.o
 .debug_macro   0x000016df       0x3b Drivers/STM32F4xx_HAL_Driver/Src/stm32f4xx_hal.o
 .debug_macro   0x0000171a       0x50 Drivers/STM32F4xx_HAL_Driver/Src/stm32f4xx_hal.o
 .debug_macro   0x0000176a      0xe66 Drivers/STM32F4xx_HAL_Driver/Src/stm32f4xx_hal.o
 .debug_macro   0x000025d0    0x17dd7 Drivers/STM32F4xx_HAL_Driver/Src/stm32f4xx_hal.o
 .debug_macro   0x0001a3a7       0x43 Drivers/STM32F4xx_HAL_Driver/Src/stm32f4xx_hal.o
 .debug_macro   0x0001a3ea     0x34ef Drivers/STM32F4xx_HAL_Driver/Src/stm32f4xx_hal.o
 .debug_macro   0x0001d8d9       0x58 Drivers/STM32F4xx_HAL_Driver/Src/stm32f4xx_hal.o
 .debug_macro   0x0001d931       0x35 Drivers/STM32F4xx_HAL_Driver/Src/stm32f4xx_hal.o
 .debug_macro   0x0001d966       0x9c Drivers/STM32F4xx_HAL_Driver/Src/stm32f4xx_hal.o
 .debug_macro   0x0001da02       0x16 Drivers/STM32F4xx_HAL_Driver/Src/stm32f4xx_hal.o
 .debug_macro   0x0001da18       0x97 Drivers/STM32F4xx_HAL_Driver/Src/stm32f4xx_hal.o
 .debug_macro   0x0001daaf      0x330 Drivers/STM32F4xx_HAL_Driver/Src/stm32f4xx_hal.o
 .debug_macro   0x0001dddf       0xfd Drivers/STM32F4xx_HAL_Driver/Src/stm32f4xx_hal.o
 .debug_macro   0x0001dedc       0x10 Drivers/STM32F4xx_HAL_Driver/Src/stm32f4xx_hal.o
 .debug_macro   0x0001deec       0x58 Drivers/STM32F4xx_HAL_Driver/Src/stm32f4xx_hal.o
 .debug_macro   0x0001df44       0x1f Drivers/STM32F4xx_HAL_Driver/Src/stm32f4xx_hal.o
 .debug_macro   0x0001df63       0x43 Drivers/STM32F4xx_HAL_Driver/Src/stm32f4xx_hal.o
 .debug_macro   0x0001dfa6       0x20 Drivers/STM32F4xx_HAL_Driver/Src/stm32f4xx_hal.o
 .debug_macro   0x0001dfc6      0x187 Drivers/STM32F4xx_HAL_Driver/Src/stm32f4xx_hal.o
 .debug_macro   0x0001e14d       0x10 Drivers/STM32F4xx_HAL_Driver/Src/stm32f4xx_hal.o
 .debug_macro   0x0001e15d       0x1c Drivers/STM32F4xx_HAL_Driver/Src/stm32f4xx_hal.o
 .debug_macro   0x0001e179       0x52 Drivers/STM32F4xx_HAL_Driver/Src/stm32f4xx_hal.o
 .debug_macro   0x0001e1cb       0x40 Drivers/STM32F4xx_HAL_Driver/Src/stm32f4xx_hal.o
 .debug_macro   0x0001e20b       0x10 Drivers/STM32F4xx_HAL_Driver/Src/stm32f4xx_hal.o
 .debug_macro   0x0001e21b       0x40 Drivers/STM32F4xx_HAL_Driver/Src/stm32f4xx_hal.o
 .debug_macro   0x0001e25b       0xd7 Drivers/STM32F4xx_HAL_Driver/Src/stm32f4xx_hal.o
 .debug_macro   0x0001e332       0x16 Drivers/STM32F4xx_HAL_Driver/Src/stm32f4xx_hal.o
 .debug_macro   0x0001e348      0x18b Drivers/STM32F4xx_HAL_Driver/Src/stm32f4xx_hal.o
 .debug_macro   0x0001e4d3       0x50 Drivers/STM32F4xx_HAL_Driver/Src/stm32f4xx_hal.o
 .debug_macro   0x0001e523      0xc9e Drivers/STM32F4xx_HAL_Driver/Src/stm32f4xx_hal.o
 .debug_macro   0x0001f1c1      0x9e1 Drivers/STM32F4xx_HAL_Driver/Src/stm32f4xx_hal.o
 .debug_macro   0x0001fba2      0x11e Drivers/STM32F4xx_HAL_Driver/Src/stm32f4xx_hal.o
 .debug_macro   0x0001fcc0      0x161 Drivers/STM32F4xx_HAL_Driver/Src/stm32f4xx_hal.o
 .debug_macro   0x0001fe21       0x27 Drivers/STM32F4xx_HAL_Driver/Src/stm32f4xx_hal.o
 .debug_macro   0x0001fe48      0x287 Drivers/STM32F4xx_HAL_Driver/Src/stm32f4xx_hal.o
 .debug_macro   0x000200cf       0x5f Drivers/STM32F4xx_HAL_Driver/Src/stm32f4xx_hal.o
 .debug_macro   0x0002012e      0x23a Drivers/STM32F4xx_HAL_Driver/Src/stm32f4xx_hal.o
 .debug_macro   0x00020368      0x13a Drivers/STM32F4xx_HAL_Driver/Src/stm32f4xx_hal.o
 .debug_macro   0x000204a2      0x41d Drivers/STM32F4xx_HAL_Driver/Src/stm32f4xx_hal.o
 .debug_macro   0x000208bf       0x2e Drivers/STM32F4xx_HAL_Driver/Src/stm32f4xx_hal.o
 .debug_macro   0x000208ed      0x11e Drivers/STM32F4xx_HAL_Driver/Src/stm32f4xx_hal.o
 .debug_macro   0x00020a0b       0xe2 Drivers/STM32F4xx_HAL_Driver/Src/stm32f4xx_hal.o
 .debug_macro   0x00020aed       0x89 Drivers/STM32F4xx_HAL_Driver/Src/stm32f4xx_hal.o
 .debug_macro   0x00020b76      0x202 Drivers/STM32F4xx_HAL_Driver/Src/stm32f4xx_hal.o
 .debug_macro   0x00020d78      0x12c Drivers/STM32F4xx_HAL_Driver/Src/stm32f4xx_hal.o
 .debug_macro   0x00020ea4      0x300 Drivers/STM32F4xx_HAL_Driver/Src/stm32f4xx_hal_cortex.o
 .debug_macro   0x000211a4      0x338 Drivers/STM32F4xx_HAL_Driver/Src/stm32f4xx_hal_gpio.o
 .debug_macro   0x000214dc      0x32a Drivers/STM32F4xx_HAL_Driver/Src/stm32f4xx_hal_rcc.o
 .debug_macro   0x00021806      0x308 Drivers/STM32F4xx_HAL_Driver/Src/stm32f4xx_hal_spi.o
 .debug_macro   0x00021b0e      0x30a Src/gpio.o
 .debug_macro   0x00021e18      0x3c8 Src/main.o
 .debug_macro   0x000221e0       0xa6 Src/main.o
 .debug_macro   0x00022286      0x314 Src/spi.o
 .debug_macro   0x0002259a      0x319 Src/spi_flash.o
 .debug_macro   0x000228b3       0x35 Src/spi_flash.o
 .debug_macro   0x000228e8      0x4bc Src/spi_flash.o
 .debug_macro   0x00022da4       0xa0 Src/spi_flash.o
 .debug_macro   0x00022e44      0x233 Src/spiffs_cache.o
 .debug_macro   0x00023077       0x52 Src/spiffs_cache.o
 .debug_macro   0x000230c9       0x8d Src/spiffs_cache.o
 .debug_macro   0x00023156       0x57 Src/spiffs_cache.o
 .debug_macro   0x000231ad      0x2a8 Src/spiffs_cache.o
 .debug_macro   0x00023455      0x233 Src/spiffs_gc.o
 .debug_macro   0x00023688      0x233 Src/spiffs_hydrogen.o
 .debug_macro   0x000238bb      0x233 Src/spiffs_nucleus.o
 .debug_macro   0x00023aee      0x300 Src/stm32f4xx_hal_msp.o
 .debug_macro   0x00023dee      0x30a Src/stm32f4xx_it.o
 .debug_macro   0x000240f8      0x306 Src/system_stm32f4xx.o

.debug_line     0x00000000     0xa800
 .debug_line    0x00000000      0x93e Drivers/STM32F4xx_HAL_Driver/Src/stm32f4xx_hal.o
 .debug_line    0x0000093e      0xa34 Drivers/STM32F4xx_HAL_Driver/Src/stm32f4xx_hal_cortex.o
 .debug_line    0x00001372      0x967 Drivers/STM32F4xx_HAL_Driver/Src/stm32f4xx_hal_gpio.o
 .debug_line    0x00001cd9      0xa80 Drivers/STM32F4xx_HAL_Driver/Src/stm32f4xx_hal_rcc.o
 .debug_line    0x00002759      0xfca Drivers/STM32F4xx_HAL_Driver/Src/stm32f4xx_hal_spi.o
 .debug_line    0x00003723      0x7f7 Src/gpio.o
 .debug_line    0x00003f1a      0x8b1 Src/main.o
 .debug_line    0x000047cb      0x793 Src/spi.o
 .debug_line    0x00004f5e      0x928 Src/spi_flash.o
 .debug_line    0x00005886      0x67d Src/spiffs_cache.o
 .debug_line    0x00005f03      0x9a8 Src/spiffs_gc.o
 .debug_line    0x000068ab     0x10ba Src/spiffs_hydrogen.o
 .debug_line    0x00007965     0x17f3 Src/spiffs_nucleus.o
 .debug_line    0x00009158      0x754 Src/stm32f4xx_hal_msp.o
 .debug_line    0x000098ac      0x75b Src/stm32f4xx_it.o
 .debug_line    0x0000a007      0x77a Src/system_stm32f4xx.o
 .debug_line    0x0000a781       0x7f startup/startup_stm32f429xx.o

.debug_str      0x00000000    0xcfc7c
 .debug_str     0x00000000    0xc95b3 Drivers/STM32F4xx_HAL_Driver/Src/stm32f4xx_hal.o
                              0xc99d1 (size before relaxing)
 .debug_str     0x000c95b3      0x3bc Drivers/STM32F4xx_HAL_Driver/Src/stm32f4xx_hal_cortex.o
                              0xc975f (size before relaxing)
 .debug_str     0x000c996f      0x2f2 Drivers/STM32F4xx_HAL_Driver/Src/stm32f4xx_hal_gpio.o
                              0xc9146 (size before relaxing)
 .debug_str     0x000c9c61      0x39d Drivers/STM32F4xx_HAL_Driver/Src/stm32f4xx_hal_rcc.o
                              0xc92ad (size before relaxing)
 .debug_str     0x000c9ffe      0x858 Drivers/STM32F4xx_HAL_Driver/Src/stm32f4xx_hal_spi.o
                              0xc95e5 (size before relaxing)
 .debug_str     0x000ca856       0x25 Src/gpio.o
                              0xc8eac (size before relaxing)
 .debug_str     0x000ca87b     0x252d Src/main.o
                              0xcbe45 (size before relaxing)
 .debug_str     0x000ccda8       0x24 Src/spi.o
                              0xc92ff (size before relaxing)
 .debug_str     0x000ccdcc      0x1e9 Src/spi_flash.o
                              0xc96aa (size before relaxing)
 .debug_str     0x000ccfb5     0x1df7 Src/spiffs_cache.o
                               0xab1f (size before relaxing)
 .debug_str     0x000cedac      0x32a Src/spiffs_gc.o
                               0xac2b (size before relaxing)
 .debug_str     0x000cf0d6      0x418 Src/spiffs_hydrogen.o
                               0xaef4 (size before relaxing)
 .debug_str     0x000cf4ee      0x6e1 Src/spiffs_nucleus.o
                               0xb25a (size before relaxing)
 .debug_str     0x000cfbcf       0x1b Src/stm32f4xx_hal_msp.o
                              0xc923f (size before relaxing)
 .debug_str     0x000cfbea       0x38 Src/stm32f4xx_it.o
                              0xc8d0c (size before relaxing)
 .debug_str     0x000cfc22       0x5a Src/system_stm32f4xx.o
                              0xc8ea2 (size before relaxing)

.comment        0x00000000       0x7f
 .comment       0x00000000       0x7f Drivers/STM32F4xx_HAL_Driver/Src/stm32f4xx_hal.o
                                 0x80 (size before relaxing)
 .comment       0x0000007f       0x80 Drivers/STM32F4xx_HAL_Driver/Src/stm32f4xx_hal_cortex.o
 .comment       0x0000007f       0x80 Drivers/STM32F4xx_HAL_Driver/Src/stm32f4xx_hal_gpio.o
 .comment       0x0000007f       0x80 Drivers/STM32F4xx_HAL_Driver/Src/stm32f4xx_hal_rcc.o
 .comment       0x0000007f       0x80 Drivers/STM32F4xx_HAL_Driver/Src/stm32f4xx_hal_spi.o
 .comment       0x0000007f       0x80 Src/gpio.o
 .comment       0x0000007f       0x80 Src/main.o
 .comment       0x0000007f       0x80 Src/spi.o
 .comment       0x0000007f       0x80 Src/spi_flash.o
 .comment       0x0000007f       0x80 Src/spiffs_cache.o
 .comment       0x0000007f       0x80 Src/spiffs_gc.o
 .comment       0x0000007f       0x80 Src/spiffs_hydrogen.o
 .comment       0x0000007f       0x80 Src/spiffs_nucleus.o
 .comment       0x0000007f       0x80 Src/stm32f4xx_hal_msp.o
 .comment       0x0000007f       0x80 Src/stm32f4xx_it.o
 .comment       0x0000007f       0x80 Src/system_stm32f4xx.o

.debug_frame    0x00000000     0x2d74
 .debug_frame   0x00000000      0x310 Drivers/STM32F4xx_HAL_Driver/Src/stm32f4xx_hal.o
 .debug_frame   0x00000310      0x450 Drivers/STM32F4xx_HAL_Driver/Src/stm32f4xx_hal_cortex.o
 .debug_frame   0x00000760      0x14c Drivers/STM32F4xx_HAL_Driver/Src/stm32f4xx_hal_gpio.o
 .debug_frame   0x000008ac      0x200 Drivers/STM32F4xx_HAL_Driver/Src/stm32f4xx_hal_rcc.o
 .debug_frame   0x00000aac      0x6f4 Drivers/STM32F4xx_HAL_Driver/Src/stm32f4xx_hal_spi.o
 .debug_frame   0x000011a0       0x38 Src/gpio.o
 .debug_frame   0x000011d8      0x104 Src/main.o
 .debug_frame   0x000012dc       0x74 Src/spi.o
 .debug_frame   0x00001350      0x268 Src/spi_flash.o
 .debug_frame   0x000015b8      0x1ac Src/spiffs_cache.o
 .debug_frame   0x00001764      0x100 Src/spiffs_gc.o
 .debug_frame   0x00001864      0x62c Src/spiffs_hydrogen.o
 .debug_frame   0x00001e90      0x5cc Src/spiffs_nucleus.o
 .debug_frame   0x0000245c       0x2c Src/stm32f4xx_hal_msp.o
 .debug_frame   0x00002488       0x2c Src/stm32f4xx_it.o
 .debug_frame   0x000024b4       0x58 Src/system_stm32f4xx.o
 .debug_frame   0x0000250c       0x2c c:/ac6/systemworkbench/plugins/fr.ac6.mcu.externaltools.arm-none.win32_1.15.0.201708311556/tools/compiler/bin/../lib/gcc/arm-none-eabi/6.3.1/../../../../arm-none-eabi/lib/thumb/v7e-m/fpv4-sp/hard\libc_nano.a(lib_a-init.o)
 .debug_frame   0x00002538       0x28 c:/ac6/systemworkbench/plugins/fr.ac6.mcu.externaltools.arm-none.win32_1.15.0.201708311556/tools/compiler/bin/../lib/gcc/arm-none-eabi/6.3.1/../../../../arm-none-eabi/lib/thumb/v7e-m/fpv4-sp/hard\libc_nano.a(lib_a-memcpy-stub.o)
 .debug_frame   0x00002560       0x20 c:/ac6/systemworkbench/plugins/fr.ac6.mcu.externaltools.arm-none.win32_1.15.0.201708311556/tools/compiler/bin/../lib/gcc/arm-none-eabi/6.3.1/../../../../arm-none-eabi/lib/thumb/v7e-m/fpv4-sp/hard\libc_nano.a(lib_a-memset.o)
 .debug_frame   0x00002580       0x74 c:/ac6/systemworkbench/plugins/fr.ac6.mcu.externaltools.arm-none.win32_1.15.0.201708311556/tools/compiler/bin/../lib/gcc/arm-none-eabi/6.3.1/../../../../arm-none-eabi/lib/thumb/v7e-m/fpv4-sp/hard\libc_nano.a(lib_a-printf.o)
 .debug_frame   0x000025f4       0x20 c:/ac6/systemworkbench/plugins/fr.ac6.mcu.externaltools.arm-none.win32_1.15.0.201708311556/tools/compiler/bin/../lib/gcc/arm-none-eabi/6.3.1/../../../../arm-none-eabi/lib/thumb/v7e-m/fpv4-sp/hard\libc_nano.a(lib_a-strcmp.o)
 .debug_frame   0x00002614       0x2c c:/ac6/systemworkbench/plugins/fr.ac6.mcu.externaltools.arm-none.win32_1.15.0.201708311556/tools/compiler/bin/../lib/gcc/arm-none-eabi/6.3.1/../../../../arm-none-eabi/lib/thumb/v7e-m/fpv4-sp/hard\libc_nano.a(lib_a-strncpy.o)
 .debug_frame   0x00002640       0x40 c:/ac6/systemworkbench/plugins/fr.ac6.mcu.externaltools.arm-none.win32_1.15.0.201708311556/tools/compiler/bin/../lib/gcc/arm-none-eabi/6.3.1/../../../../arm-none-eabi/lib/thumb/v7e-m/fpv4-sp/hard\libc_nano.a(lib_a-wbuf.o)
 .debug_frame   0x00002680       0x2c c:/ac6/systemworkbench/plugins/fr.ac6.mcu.externaltools.arm-none.win32_1.15.0.201708311556/tools/compiler/bin/../lib/gcc/arm-none-eabi/6.3.1/../../../../arm-none-eabi/lib/thumb/v7e-m/fpv4-sp/hard\libc_nano.a(lib_a-wsetup.o)
 .debug_frame   0x000026ac       0x68 c:/ac6/systemworkbench/plugins/fr.ac6.mcu.externaltools.arm-none.win32_1.15.0.201708311556/tools/compiler/bin/../lib/gcc/arm-none-eabi/6.3.1/../../../../arm-none-eabi/lib/thumb/v7e-m/fpv4-sp/hard\libc_nano.a(lib_a-fflush.o)
 .debug_frame   0x00002714      0x11c c:/ac6/systemworkbench/plugins/fr.ac6.mcu.externaltools.arm-none.win32_1.15.0.201708311556/tools/compiler/bin/../lib/gcc/arm-none-eabi/6.3.1/../../../../arm-none-eabi/lib/thumb/v7e-m/fpv4-sp/hard\libc_nano.a(lib_a-findfp.o)
 .debug_frame   0x00002830       0x54 c:/ac6/systemworkbench/plugins/fr.ac6.mcu.externaltools.arm-none.win32_1.15.0.201708311556/tools/compiler/bin/../lib/gcc/arm-none-eabi/6.3.1/../../../../arm-none-eabi/lib/thumb/v7e-m/fpv4-sp/hard\libc_nano.a(lib_a-fwalk.o)
 .debug_frame   0x00002884       0x58 c:/ac6/systemworkbench/plugins/fr.ac6.mcu.externaltools.arm-none.win32_1.15.0.201708311556/tools/compiler/bin/../lib/gcc/arm-none-eabi/6.3.1/../../../../arm-none-eabi/lib/thumb/v7e-m/fpv4-sp/hard\libc_nano.a(lib_a-makebuf.o)
 .debug_frame   0x000028dc       0x38 c:/ac6/systemworkbench/plugins/fr.ac6.mcu.externaltools.arm-none.win32_1.15.0.201708311556/tools/compiler/bin/../lib/gcc/arm-none-eabi/6.3.1/../../../../arm-none-eabi/lib/thumb/v7e-m/fpv4-sp/hard\libc_nano.a(lib_a-nano-freer.o)
 .debug_frame   0x00002914       0x2c c:/ac6/systemworkbench/plugins/fr.ac6.mcu.externaltools.arm-none.win32_1.15.0.201708311556/tools/compiler/bin/../lib/gcc/arm-none-eabi/6.3.1/../../../../arm-none-eabi/lib/thumb/v7e-m/fpv4-sp/hard\libc_nano.a(lib_a-nano-mallocr.o)
 .debug_frame   0x00002940       0xac c:/ac6/systemworkbench/plugins/fr.ac6.mcu.externaltools.arm-none.win32_1.15.0.201708311556/tools/compiler/bin/../lib/gcc/arm-none-eabi/6.3.1/../../../../arm-none-eabi/lib/thumb/v7e-m/fpv4-sp/hard\libc_nano.a(lib_a-nano-vfprintf.o)
 .debug_frame   0x000029ec       0x60 c:/ac6/systemworkbench/plugins/fr.ac6.mcu.externaltools.arm-none.win32_1.15.0.201708311556/tools/compiler/bin/../lib/gcc/arm-none-eabi/6.3.1/../../../../arm-none-eabi/lib/thumb/v7e-m/fpv4-sp/hard\libc_nano.a(lib_a-nano-vfprintf_i.o)
 .debug_frame   0x00002a4c       0x2c c:/ac6/systemworkbench/plugins/fr.ac6.mcu.externaltools.arm-none.win32_1.15.0.201708311556/tools/compiler/bin/../lib/gcc/arm-none-eabi/6.3.1/../../../../arm-none-eabi/lib/thumb/v7e-m/fpv4-sp/hard\libc_nano.a(lib_a-sbrkr.o)
 .debug_frame   0x00002a78       0x88 c:/ac6/systemworkbench/plugins/fr.ac6.mcu.externaltools.arm-none.win32_1.15.0.201708311556/tools/compiler/bin/../lib/gcc/arm-none-eabi/6.3.1/../../../../arm-none-eabi/lib/thumb/v7e-m/fpv4-sp/hard\libc_nano.a(lib_a-stdio.o)
 .debug_frame   0x00002b00       0x2c c:/ac6/systemworkbench/plugins/fr.ac6.mcu.externaltools.arm-none.win32_1.15.0.201708311556/tools/compiler/bin/../lib/gcc/arm-none-eabi/6.3.1/../../../../arm-none-eabi/lib/thumb/v7e-m/fpv4-sp/hard\libc_nano.a(lib_a-writer.o)
 .debug_frame   0x00002b2c       0x2c c:/ac6/systemworkbench/plugins/fr.ac6.mcu.externaltools.arm-none.win32_1.15.0.201708311556/tools/compiler/bin/../lib/gcc/arm-none-eabi/6.3.1/../../../../arm-none-eabi/lib/thumb/v7e-m/fpv4-sp/hard\libc_nano.a(lib_a-closer.o)
 .debug_frame   0x00002b58       0x2c c:/ac6/systemworkbench/plugins/fr.ac6.mcu.externaltools.arm-none.win32_1.15.0.201708311556/tools/compiler/bin/../lib/gcc/arm-none-eabi/6.3.1/../../../../arm-none-eabi/lib/thumb/v7e-m/fpv4-sp/hard\libc_nano.a(lib_a-fstatr.o)
 .debug_frame   0x00002b84       0x2c c:/ac6/systemworkbench/plugins/fr.ac6.mcu.externaltools.arm-none.win32_1.15.0.201708311556/tools/compiler/bin/../lib/gcc/arm-none-eabi/6.3.1/../../../../arm-none-eabi/lib/thumb/v7e-m/fpv4-sp/hard\libc_nano.a(lib_a-isattyr.o)
 .debug_frame   0x00002bb0       0x2c c:/ac6/systemworkbench/plugins/fr.ac6.mcu.externaltools.arm-none.win32_1.15.0.201708311556/tools/compiler/bin/../lib/gcc/arm-none-eabi/6.3.1/../../../../arm-none-eabi/lib/thumb/v7e-m/fpv4-sp/hard\libc_nano.a(lib_a-lseekr.o)
 .debug_frame   0x00002bdc       0x30 c:/ac6/systemworkbench/plugins/fr.ac6.mcu.externaltools.arm-none.win32_1.15.0.201708311556/tools/compiler/bin/../lib/gcc/arm-none-eabi/6.3.1/../../../../arm-none-eabi/lib/thumb/v7e-m/fpv4-sp/hard\libc_nano.a(lib_a-mlock.o)
 .debug_frame   0x00002c0c       0x2c c:/ac6/systemworkbench/plugins/fr.ac6.mcu.externaltools.arm-none.win32_1.15.0.201708311556/tools/compiler/bin/../lib/gcc/arm-none-eabi/6.3.1/../../../../arm-none-eabi/lib/thumb/v7e-m/fpv4-sp/hard\libc_nano.a(lib_a-readr.o)
 .debug_frame   0x00002c38       0x5c c:/ac6/systemworkbench/plugins/fr.ac6.mcu.externaltools.arm-none.win32_1.15.0.201708311556/tools/compiler/bin/../lib/gcc/arm-none-eabi/6.3.1/../../../../arm-none-eabi/lib/thumb/v7e-m/fpv4-sp/hard\libc_nano.a(lib_a-reent.o)
 .debug_frame   0x00002c94       0x20 c:/ac6/systemworkbench/plugins/fr.ac6.mcu.externaltools.arm-none.win32_1.15.0.201708311556/tools/compiler/bin/../lib/gcc/arm-none-eabi/6.3.1/../../../../arm-none-eabi/lib/thumb/v7e-m/fpv4-sp/hard\libnosys.a(close.o)
 .debug_frame   0x00002cb4       0x20 c:/ac6/systemworkbench/plugins/fr.ac6.mcu.externaltools.arm-none.win32_1.15.0.201708311556/tools/compiler/bin/../lib/gcc/arm-none-eabi/6.3.1/../../../../arm-none-eabi/lib/thumb/v7e-m/fpv4-sp/hard\libnosys.a(fstat.o)
 .debug_frame   0x00002cd4       0x20 c:/ac6/systemworkbench/plugins/fr.ac6.mcu.externaltools.arm-none.win32_1.15.0.201708311556/tools/compiler/bin/../lib/gcc/arm-none-eabi/6.3.1/../../../../arm-none-eabi/lib/thumb/v7e-m/fpv4-sp/hard\libnosys.a(isatty.o)
 .debug_frame   0x00002cf4       0x20 c:/ac6/systemworkbench/plugins/fr.ac6.mcu.externaltools.arm-none.win32_1.15.0.201708311556/tools/compiler/bin/../lib/gcc/arm-none-eabi/6.3.1/../../../../arm-none-eabi/lib/thumb/v7e-m/fpv4-sp/hard\libnosys.a(lseek.o)
 .debug_frame   0x00002d14       0x20 c:/ac6/systemworkbench/plugins/fr.ac6.mcu.externaltools.arm-none.win32_1.15.0.201708311556/tools/compiler/bin/../lib/gcc/arm-none-eabi/6.3.1/../../../../arm-none-eabi/lib/thumb/v7e-m/fpv4-sp/hard\libnosys.a(read.o)
 .debug_frame   0x00002d34       0x20 c:/ac6/systemworkbench/plugins/fr.ac6.mcu.externaltools.arm-none.win32_1.15.0.201708311556/tools/compiler/bin/../lib/gcc/arm-none-eabi/6.3.1/../../../../arm-none-eabi/lib/thumb/v7e-m/fpv4-sp/hard\libnosys.a(sbrk.o)
 .debug_frame   0x00002d54       0x20 c:/ac6/systemworkbench/plugins/fr.ac6.mcu.externaltools.arm-none.win32_1.15.0.201708311556/tools/compiler/bin/../lib/gcc/arm-none-eabi/6.3.1/../../../../arm-none-eabi/lib/thumb/v7e-m/fpv4-sp/hard\libnosys.a(write.o)

.stab           0x00000000       0x9c
 .stab          0x00000000       0x24 c:/ac6/systemworkbench/plugins/fr.ac6.mcu.externaltools.arm-none.win32_1.15.0.201708311556/tools/compiler/bin/../lib/gcc/arm-none-eabi/6.3.1/../../../../arm-none-eabi/lib/thumb/v7e-m/fpv4-sp/hard\libnosys.a(close.o)
 .stab          0x00000024       0x18 c:/ac6/systemworkbench/plugins/fr.ac6.mcu.externaltools.arm-none.win32_1.15.0.201708311556/tools/compiler/bin/../lib/gcc/arm-none-eabi/6.3.1/../../../../arm-none-eabi/lib/thumb/v7e-m/fpv4-sp/hard\libnosys.a(fstat.o)
                                 0x24 (size before relaxing)
 .stab          0x0000003c       0x18 c:/ac6/systemworkbench/plugins/fr.ac6.mcu.externaltools.arm-none.win32_1.15.0.201708311556/tools/compiler/bin/../lib/gcc/arm-none-eabi/6.3.1/../../../../arm-none-eabi/lib/thumb/v7e-m/fpv4-sp/hard\libnosys.a(isatty.o)
                                 0x24 (size before relaxing)
 .stab          0x00000054       0x18 c:/ac6/systemworkbench/plugins/fr.ac6.mcu.externaltools.arm-none.win32_1.15.0.201708311556/tools/compiler/bin/../lib/gcc/arm-none-eabi/6.3.1/../../../../arm-none-eabi/lib/thumb/v7e-m/fpv4-sp/hard\libnosys.a(lseek.o)
                                 0x24 (size before relaxing)
 .stab          0x0000006c       0x18 c:/ac6/systemworkbench/plugins/fr.ac6.mcu.externaltools.arm-none.win32_1.15.0.201708311556/tools/compiler/bin/../lib/gcc/arm-none-eabi/6.3.1/../../../../arm-none-eabi/lib/thumb/v7e-m/fpv4-sp/hard\libnosys.a(read.o)
                                 0x24 (size before relaxing)
 .stab          0x00000084       0x18 c:/ac6/systemworkbench/plugins/fr.ac6.mcu.externaltools.arm-none.win32_1.15.0.201708311556/tools/compiler/bin/../lib/gcc/arm-none-eabi/6.3.1/../../../../arm-none-eabi/lib/thumb/v7e-m/fpv4-sp/hard\libnosys.a(write.o)
                                 0x24 (size before relaxing)

.stabstr        0x00000000      0x14d
 .stabstr       0x00000000      0x14d c:/ac6/systemworkbench/plugins/fr.ac6.mcu.externaltools.arm-none.win32_1.15.0.201708311556/tools/compiler/bin/../lib/gcc/arm-none-eabi/6.3.1/../../../../arm-none-eabi/lib/thumb/v7e-m/fpv4-sp/hard\libnosys.a(close.o)
